******************************************************************************
                  TI ARM Linker PC v18.12.2                    
******************************************************************************
>> Linked Mon Jun 29 21:10:40 2020

OUTPUT FILE NAME:   <MemoryStack.out>
ENTRY POINT SYMBOL: "_c_int00_noargs"  address: 00002881


MEMORY CONFIGURATION

         name            origin    length      used     unused   attr    fill
----------------------  --------  ---------  --------  --------  ----  --------
  FLASH                 00000000   00040000  00002cf4  0003d30c  R  X
  SRAM                  20000000   00008000  00000530  00007ad0  RW X


SEGMENT ALLOCATION MAP

run origin  load origin   length   init length attrs members
----------  ----------- ---------- ----------- ----- -------
00000000    00000000    00002cf8   00002cf8    r-x
  00000000    00000000    0000026c   0000026c    r-- .intvecs
  0000026c    0000026c    000026c0   000026c0    r-x .text
  0000292c    0000292c    00000360   00000360    r-- .const
  00002c90    00002c90    00000068   00000068    r-- .cinit
20000000    20000000    00000534   00000000    rw-
  20000000    20000000    0000026c   00000000    rw- .vtable
  20000270    20000270    00000200   00000000    rw- .stack
  20000470    20000470    00000088   00000000    rw- .bss
  200004f8    200004f8    0000003c   00000000    rw- .data


SECTION ALLOCATION MAP

 output                                  attributes/
section   page    origin      length       input sections
--------  ----  ----------  ----------   ----------------
.intvecs   0    00000000    0000026c     
                  00000000    0000026c     tm4c123gh6pm_startup_ccs.obj (.intvecs)

.text      0    0000026c    000026c0     
                  0000026c    00000f80     sysctl.obj (.text)
                  000011ec    000008ac     Ea.obj (.text)
                  00001a98    000007e0     Eep.obj (.text)
                  00002278    000003c0     interrupt.obj (.text)
                  00002638    000000c0     main.obj (.text)
                  000026f8    0000009c     rtsv7M4_T_le_v4SPD16_eabi.lib : memcpy_t2.asm.obj (.text)
                  00002794    00000068                                   : copy_decompress_lzss.c.obj (.text:decompress:lzss:__TI_decompress_lzss)
                  000027fc    00000044                                   : autoinit.c.obj (.text:__TI_auto_init_nobinit_nopinit:__TI_auto_init_nobinit_nopinit)
                  00002840    0000003e     cpu.obj (.text)
                  0000287e    00000002     --HOLE-- [fill = 0]
                  00002880    00000034     rtsv7M4_T_le_v4SPD16_eabi.lib : boot_cortex_m.c.obj (.text:_c_int00_noargs:_c_int00_noargs)
                  000028b4    00000034     stub.obj (.text)
                  000028e8    0000001c     rtsv7M4_T_le_v4SPD16_eabi.lib : copy_zero_init.c.obj (.text:decompress:ZI:__TI_zero_init_nomemset:__TI_zero_init_nomemset)
                  00002904    0000000e                                   : copy_decompress_none.c.obj (.text:decompress:none:__TI_decompress_none)
                  00002912    0000000c     tm4c123gh6pm_startup_ccs.obj (.text)
                  0000291e    00000006     sysctl.obj (.text:SysCtlDelay)
                  00002924    00000004     rtsv7M4_T_le_v4SPD16_eabi.lib : pre_init.c.obj (.text:_system_pre_init)
                  00002928    00000004                                   : exit.c.obj (.text:abort:abort)

.const     0    0000292c    00000360     
                  0000292c    000001b0     sysctl.obj (.const:g_pppui32XTALtoVCO)
                  00002adc    0000009c     interrupt.obj (.const:g_pui32Regs)
                  00002b78    0000006c     sysctl.obj (.const:g_pui32Xtals)
                  00002be4    00000030     sysctl.obj (.const:g_sXTALtoMEMTIM)
                  00002c14    00000020     interrupt.obj (.const:g_pui32Priority)
                  00002c34    00000014     interrupt.obj (.const:g_pui32Dii16Regs)
                  00002c48    00000014     interrupt.obj (.const:g_pui32EnRegs)
                  00002c5c    00000014     interrupt.obj (.const:g_pui32PendRegs)
                  00002c70    00000014     interrupt.obj (.const:g_pui32UnpendRegs)
                  00002c84    00000008     sysctl.obj (.const:g_pui32VCOFrequencies)

.cinit     0    00002c90    00000068     
                  00002c90    0000002e     (.cinit..data.load) [load image, compression = lzss]
                  00002cbe    00000002     --HOLE-- [fill = 0]
                  00002cc0    0000000c     (__TI_handler_table)
                  00002ccc    00000004     --HOLE-- [fill = 0]
                  00002cd0    00000008     (.cinit..bss.load) [load image, compression = zero_init]
                  00002cd8    00000008     (.cinit..vtable.load) [load image, compression = zero_init]
                  00002ce0    00000018     (__TI_cinit_table)

.init_array 
*          0    00000000    00000000     UNINITIALIZED

.vtable    0    20000000    0000026c     UNINITIALIZED
                  20000000    0000026c     interrupt.obj (.vtable)

.bss       0    20000470    00000088     UNINITIALIZED
                  20000470    00000034     (.common:pData)
                  200004a4    00000034     (.common:pRead)
                  200004d8    0000000c     Eep.obj (.bss:ParametersCopyObj)
                  200004e4    00000009     Ea.obj (.bss)
                  200004ed    00000003     --HOLE--
                  200004f0    00000008     Ea.obj (.bss:ParametersCopy)

.data      0    200004f8    0000003c     UNINITIALIZED
                  200004f8    0000001c     Eep_PBcfg.obj (.data:EepInitConfiguration)
                  20000514    0000000c     Ea_PrivateCfg.obj (.data:Ea_BlockSConfig)
                  20000520    00000008     Eep.obj (.data)
                  20000528    00000005     Ea.obj (.data)
                  2000052d    00000003     --HOLE--
                  20000530    00000004     Eep_PBcfg.obj (.data:Eep_Config)

.stack     0    20000270    00000200     UNINITIALIZED
                  20000270    00000004     rtsv7M4_T_le_v4SPD16_eabi.lib : boot_cortex_m.c.obj (.stack)
                  20000274    000001fc     --HOLE--

MODULE SUMMARY

       Module                         code   ro data   rw data
       ------                         ----   -------   -------
    .\
       tm4c123gh6pm_startup_ccs.obj   12     620       0      
       main.obj                       192    0         104    
    +--+------------------------------+------+---------+---------+
       Total:                         204    620       104    
                                                              
    .\bsw\gen\
       Eep_PBcfg.obj                  0      0         32     
    +--+------------------------------+------+---------+---------+
       Total:                         0      0         32     
                                                              
    .\bsw\static\Infrastructure\platform\src\
       sysctl.obj                     3974   596       0      
       interrupt.obj                  960    268       620    
       cpu.obj                        62     0         0      
    +--+------------------------------+------+---------+---------+
       Total:                         4996   864       620    
                                                              
    .\bsw\static\Interface\EA\src\
       Ea.obj                         2220   0         22     
       Ea_PrivateCfg.obj              0      0         12     
    +--+------------------------------+------+---------+---------+
       Total:                         2220   0         34     
                                                              
    .\bsw\static\Mcal\Eep\src\
       Eep.obj                        2016   0         20     
    +--+------------------------------+------+---------+---------+
       Total:                         2016   0         20     
                                                              
    .\bsw\stub\
       stub.obj                       52     0         0      
    +--+------------------------------+------+---------+---------+
       Total:                         52     0         0      
                                                              
    C:\ti\ccs910\ccs\tools\compiler\ti-cgt-arm_18.12.2.LTS\lib\rtsv7M4_T_le_v4SPD16_eabi.lib
       memcpy_t2.asm.obj              156    0         0      
       copy_decompress_lzss.c.obj     104    0         0      
       autoinit.c.obj                 68     0         0      
       boot_cortex_m.c.obj            52     0         0      
       copy_zero_init.c.obj           28     0         0      
       copy_decompress_none.c.obj     14     0         0      
       exit.c.obj                     4      0         0      
       pre_init.c.obj                 4      0         0      
    +--+------------------------------+------+---------+---------+
       Total:                         430    0         0      
                                                              
       Stack:                         0      0         512    
       Linker Generated:              0      98        0      
    +--+------------------------------+------+---------+---------+
       Grand Total:                   9918   1582      1322   


LINKER GENERATED COPY TABLES

__TI_cinit_table @ 00002ce0 records: 3, size/record: 8, table size: 24
	.data: load addr=00002c90, load size=0000002e bytes, run addr=200004f8, run size=0000003c bytes, compression=lzss
	.bss: load addr=00002cd0, load size=00000008 bytes, run addr=20000470, run size=00000088 bytes, compression=zero_init
	.vtable: load addr=00002cd8, load size=00000008 bytes, run addr=20000000, run size=0000026c bytes, compression=zero_init


LINKER GENERATED HANDLER TABLE

__TI_handler_table @ 00002cc0 records: 3, size/record: 4, table size: 12
	index: 0, handler: __TI_zero_init
	index: 1, handler: __TI_decompress_lzss
	index: 2, handler: __TI_decompress_none


GLOBAL SYMBOLS: SORTED ALPHABETICALLY BY Name 

address   name                            
-------   ----                            
00002929  C$$EXIT                         
00002875  CPUbasepriGet                   
00002867  CPUbasepriSet                   
00002841  CPUcpsid                        
00002857  CPUcpsie                        
0000284d  CPUprimask                      
00002863  CPUwfi                          
000028b5  Det_ReportError                 
000028cb  Det_ReportRuntimeError          
20000514  Ea_BlockSConfig                 
00001477  Ea_Cancel                       
000014bf  Ea_GetJobResult                 
000014b9  Ea_GetStatus                    
000011ed  Ea_Init                         
000014cd  Ea_InvalidateBlock              
00001467  Ea_JobEndNotification           
0000146f  Ea_JobErrorNotification         
00001543  Ea_MainFunction                 
0000126f  Ea_Read                         
00001395  Ea_Write                        
200004f8  EepInitConfiguration            
00001e9d  Eep_Cancel                      
00001dcd  Eep_Compare                     
20000530  Eep_Config                      
00001d0f  Eep_Erase                       
00001ecb  Eep_GetJobResult                
00001ec5  Eep_GetStatus                   
00001b03  Eep_Init                        
00001ed1  Eep_MainFunction                
00001b81  Eep_Read                        
00001c43  Eep_Write                       
00002439  IntDisable                      
000023c7  IntEnable                       
000024ab  IntIsEnabled                    
0000228b  IntMasterDisable                
0000227b  IntMasterEnable                 
000025a1  IntPendClear                    
00002531  IntPendSet                      
000023a3  IntPriorityGet                  
0000231b  IntPriorityGroupingGet          
00002301  IntPriorityGroupingSet          
000025fb  IntPriorityMaskGet              
000025ef  IntPriorityMaskSet              
00002353  IntPrioritySet                  
0000229b  IntRegister                     
00002603  IntTrigger                      
000022ed  IntUnregister                   
000028e7  NvM_JobEndNotification          
000028e5  NvM_JobErrorNotification        
00002913  ResetISR                        
000026c9  Set_SystemClock                 
000011a9  SysCtlAltClkConfig              
000008d1  SysCtlClockFreqSet              
00000d99  SysCtlClockGet                  
0000118d  SysCtlClockOutConfig            
00000bc9  SysCtlClockSet                  
000007d5  SysCtlDeepSleep                 
00000f5d  SysCtlDeepSleepClockConfigSet   
00000f3f  SysCtlDeepSleepClockSet         
000007b5  SysCtlDeepSleepPowerSet         
0000291f  SysCtlDelay                     
00000363  SysCtlFlashSectorSizeGet        
00000337  SysCtlFlashSizeGet              
00001033  SysCtlGPIOAHBDisable            
00001017  SysCtlGPIOAHBEnable             
00000749  SysCtlIntClear                  
00000731  SysCtlIntDisable                
0000071d  SysCtlIntEnable                 
000006f5  SysCtlIntRegister               
00000759  SysCtlIntStatus                 
0000070d  SysCtlIntUnregister             
0000079b  SysCtlLDODeepSleepGet           
0000078b  SysCtlLDODeepSleepSet           
00000785  SysCtlLDOSleepGet               
00000775  SysCtlLDOSleepSet               
0000080b  SysCtlMOSCConfigSet             
00001171  SysCtlNMIClear                  
0000115d  SysCtlNMIStatus                 
00000821  SysCtlPIOSCCalibrate            
00001001  SysCtlPWMClockGet               
00000fe7  SysCtlPWMClockSet               
000006a1  SysCtlPeripheralClockGating     
00000659  SysCtlPeripheralDeepSleepDisable
00000609  SysCtlPeripheralDeepSleepEnable 
00000545  SysCtlPeripheralDisable         
00000509  SysCtlPeripheralEnable          
00000445  SysCtlPeripheralPowerOff        
00000409  SysCtlPeripheralPowerOn         
00000389  SysCtlPeripheralPresent         
000003c9  SysCtlPeripheralReady           
00000481  SysCtlPeripheralReset           
000005cd  SysCtlPeripheralSleepDisable    
00000589  SysCtlPeripheralSleepEnable     
000007c5  SysCtlReset                     
00000881  SysCtlResetBehaviorGet          
00000871  SysCtlResetBehaviorSet          
000007f7  SysCtlResetCauseClear           
000007f1  SysCtlResetCauseGet             
0000032d  SysCtlSRAMSizeGet               
000007cd  SysCtlSleep                     
000007a1  SysCtlSleepPowerSet             
0000105b  SysCtlUSBPLLDisable             
0000104f  SysCtlUSBPLLEnable              
000010a1  SysCtlVCOGet                    
00001089  SysCtlVoltageEventClear         
0000106d  SysCtlVoltageEventConfig        
0000107d  SysCtlVoltageEventStatus        
00002639  WriteBlock                      
20000470  __STACK_END                     
00000200  __STACK_SIZE                    
20000470  __STACK_TOP                     
00002ce0  __TI_CINIT_Base                 
00002cf8  __TI_CINIT_Limit                
00002cc0  __TI_Handler_Table_Base         
00002ccc  __TI_Handler_Table_Limit        
000027fd  __TI_auto_init_nobinit_nopinit  
00002795  __TI_decompress_lzss            
00002905  __TI_decompress_none            
ffffffff  __TI_pprof_out_hndl             
ffffffff  __TI_prof_data_size             
ffffffff  __TI_prof_data_start            
00000000  __TI_static_base__              
000028e9  __TI_zero_init_nomemset         
000026f9  __aeabi_memcpy                  
000026f9  __aeabi_memcpy4                 
000026f9  __aeabi_memcpy8                 
ffffffff  __binit__                       
ffffffff  __c_args__                      
UNDEFED   __mpu_init                      
20000270  __stack                         
00002881  _c_int00_noargs                 
UNDEFED   _system_post_cinit              
00002925  _system_pre_init                
00002929  abort                           
ffffffff  binit                           
20000000  g_pfnRAMVectors                 
00000000  g_pfnVectors                    
00002677  main                            
000026f9  memcpy                          
20000470  pData                           
200004a4  pRead                           


GLOBAL SYMBOLS: SORTED BY Symbol Address 

address   name                            
-------   ----                            
00000000  __TI_static_base__              
00000000  g_pfnVectors                    
00000200  __STACK_SIZE                    
0000032d  SysCtlSRAMSizeGet               
00000337  SysCtlFlashSizeGet              
00000363  SysCtlFlashSectorSizeGet        
00000389  SysCtlPeripheralPresent         
000003c9  SysCtlPeripheralReady           
00000409  SysCtlPeripheralPowerOn         
00000445  SysCtlPeripheralPowerOff        
00000481  SysCtlPeripheralReset           
00000509  SysCtlPeripheralEnable          
00000545  SysCtlPeripheralDisable         
00000589  SysCtlPeripheralSleepEnable     
000005cd  SysCtlPeripheralSleepDisable    
00000609  SysCtlPeripheralDeepSleepEnable 
00000659  SysCtlPeripheralDeepSleepDisable
000006a1  SysCtlPeripheralClockGating     
000006f5  SysCtlIntRegister               
0000070d  SysCtlIntUnregister             
0000071d  SysCtlIntEnable                 
00000731  SysCtlIntDisable                
00000749  SysCtlIntClear                  
00000759  SysCtlIntStatus                 
00000775  SysCtlLDOSleepSet               
00000785  SysCtlLDOSleepGet               
0000078b  SysCtlLDODeepSleepSet           
0000079b  SysCtlLDODeepSleepGet           
000007a1  SysCtlSleepPowerSet             
000007b5  SysCtlDeepSleepPowerSet         
000007c5  SysCtlReset                     
000007cd  SysCtlSleep                     
000007d5  SysCtlDeepSleep                 
000007f1  SysCtlResetCauseGet             
000007f7  SysCtlResetCauseClear           
0000080b  SysCtlMOSCConfigSet             
00000821  SysCtlPIOSCCalibrate            
00000871  SysCtlResetBehaviorSet          
00000881  SysCtlResetBehaviorGet          
000008d1  SysCtlClockFreqSet              
00000bc9  SysCtlClockSet                  
00000d99  SysCtlClockGet                  
00000f3f  SysCtlDeepSleepClockSet         
00000f5d  SysCtlDeepSleepClockConfigSet   
00000fe7  SysCtlPWMClockSet               
00001001  SysCtlPWMClockGet               
00001017  SysCtlGPIOAHBEnable             
00001033  SysCtlGPIOAHBDisable            
0000104f  SysCtlUSBPLLEnable              
0000105b  SysCtlUSBPLLDisable             
0000106d  SysCtlVoltageEventConfig        
0000107d  SysCtlVoltageEventStatus        
00001089  SysCtlVoltageEventClear         
000010a1  SysCtlVCOGet                    
0000115d  SysCtlNMIStatus                 
00001171  SysCtlNMIClear                  
0000118d  SysCtlClockOutConfig            
000011a9  SysCtlAltClkConfig              
000011ed  Ea_Init                         
0000126f  Ea_Read                         
00001395  Ea_Write                        
00001467  Ea_JobEndNotification           
0000146f  Ea_JobErrorNotification         
00001477  Ea_Cancel                       
000014b9  Ea_GetStatus                    
000014bf  Ea_GetJobResult                 
000014cd  Ea_InvalidateBlock              
00001543  Ea_MainFunction                 
00001b03  Eep_Init                        
00001b81  Eep_Read                        
00001c43  Eep_Write                       
00001d0f  Eep_Erase                       
00001dcd  Eep_Compare                     
00001e9d  Eep_Cancel                      
00001ec5  Eep_GetStatus                   
00001ecb  Eep_GetJobResult                
00001ed1  Eep_MainFunction                
0000227b  IntMasterEnable                 
0000228b  IntMasterDisable                
0000229b  IntRegister                     
000022ed  IntUnregister                   
00002301  IntPriorityGroupingSet          
0000231b  IntPriorityGroupingGet          
00002353  IntPrioritySet                  
000023a3  IntPriorityGet                  
000023c7  IntEnable                       
00002439  IntDisable                      
000024ab  IntIsEnabled                    
00002531  IntPendSet                      
000025a1  IntPendClear                    
000025ef  IntPriorityMaskSet              
000025fb  IntPriorityMaskGet              
00002603  IntTrigger                      
00002639  WriteBlock                      
00002677  main                            
000026c9  Set_SystemClock                 
000026f9  __aeabi_memcpy                  
000026f9  __aeabi_memcpy4                 
000026f9  __aeabi_memcpy8                 
000026f9  memcpy                          
00002795  __TI_decompress_lzss            
000027fd  __TI_auto_init_nobinit_nopinit  
00002841  CPUcpsid                        
0000284d  CPUprimask                      
00002857  CPUcpsie                        
00002863  CPUwfi                          
00002867  CPUbasepriSet                   
00002875  CPUbasepriGet                   
00002881  _c_int00_noargs                 
000028b5  Det_ReportError                 
000028cb  Det_ReportRuntimeError          
000028e5  NvM_JobErrorNotification        
000028e7  NvM_JobEndNotification          
000028e9  __TI_zero_init_nomemset         
00002905  __TI_decompress_none            
00002913  ResetISR                        
0000291f  SysCtlDelay                     
00002925  _system_pre_init                
00002929  C$$EXIT                         
00002929  abort                           
00002cc0  __TI_Handler_Table_Base         
00002ccc  __TI_Handler_Table_Limit        
00002ce0  __TI_CINIT_Base                 
00002cf8  __TI_CINIT_Limit                
20000000  g_pfnRAMVectors                 
20000270  __stack                         
20000470  __STACK_END                     
20000470  __STACK_TOP                     
20000470  pData                           
200004a4  pRead                           
200004f8  EepInitConfiguration            
20000514  Ea_BlockSConfig                 
20000530  Eep_Config                      
ffffffff  __TI_pprof_out_hndl             
ffffffff  __TI_prof_data_size             
ffffffff  __TI_prof_data_start            
ffffffff  __binit__                       
ffffffff  __c_args__                      
ffffffff  binit                           
UNDEFED   __mpu_init                      
UNDEFED   _system_post_cinit              

[141 symbols]
