<?xml version="1.0" encoding="ISO-8859-1" ?>
<link_info>
   <banner>TI ARM Linker PC v18.12.2.LTS</banner>
   <copyright>Copyright (c) 1996-2018 Texas Instruments Incorporated</copyright>
   <link_time>0x5f18e227</link_time>
   <link_errors>0x0</link_errors>
   <output_file>MemoryStack.out</output_file>
   <entry_point>
      <name>_c_int00_noargs</name>
      <address>0x6f4d</address>
   </entry_point>
   <input_file_list>
      <input_file id="fl-2">
         <path>.\</path>
         <kind>object</kind>
         <file>main.obj</file>
         <name>main.obj</name>
      </input_file>
      <input_file id="fl-3">
         <path>.\</path>
         <kind>object</kind>
         <file>tm4c123gh6pm_startup_ccs.obj</file>
         <name>tm4c123gh6pm_startup_ccs.obj</name>
      </input_file>
      <input_file id="fl-4">
         <path>.\bsw\gen\</path>
         <kind>object</kind>
         <file>Eep_PBcfg.obj</file>
         <name>Eep_PBcfg.obj</name>
      </input_file>
      <input_file id="fl-5">
         <path>.\bsw\gen\</path>
         <kind>object</kind>
         <file>Fls_PBcfg.obj</file>
         <name>Fls_PBcfg.obj</name>
      </input_file>
      <input_file id="fl-6">
         <path>.\bsw\gen\</path>
         <kind>object</kind>
         <file>NvM_Lcfg.obj</file>
         <name>NvM_Lcfg.obj</name>
      </input_file>
      <input_file id="fl-7">
         <path>.\bsw\static\Infrastructure\platform\src\</path>
         <kind>object</kind>
         <file>cpu.obj</file>
         <name>cpu.obj</name>
      </input_file>
      <input_file id="fl-8">
         <path>.\bsw\static\Infrastructure\platform\src\</path>
         <kind>object</kind>
         <file>interrupt.obj</file>
         <name>interrupt.obj</name>
      </input_file>
      <input_file id="fl-9">
         <path>.\bsw\static\Infrastructure\platform\src\</path>
         <kind>object</kind>
         <file>sysctl.obj</file>
         <name>sysctl.obj</name>
      </input_file>
      <input_file id="fl-a">
         <path>.\bsw\static\Interface\EA\src\</path>
         <kind>object</kind>
         <file>Ea.obj</file>
         <name>Ea.obj</name>
      </input_file>
      <input_file id="fl-b">
         <path>.\bsw\static\Interface\EA\src\</path>
         <kind>object</kind>
         <file>Ea_PrivateCfg.obj</file>
         <name>Ea_PrivateCfg.obj</name>
      </input_file>
      <input_file id="fl-c">
         <path>.\bsw\static\Interface\FEE\src\</path>
         <kind>object</kind>
         <file>Fee.obj</file>
         <name>Fee.obj</name>
      </input_file>
      <input_file id="fl-d">
         <path>.\bsw\static\Interface\FEE\src\</path>
         <kind>object</kind>
         <file>Fee_PrivateCfg.obj</file>
         <name>Fee_PrivateCfg.obj</name>
      </input_file>
      <input_file id="fl-e">
         <path>.\bsw\static\Interface\FEE\src\</path>
         <kind>object</kind>
         <file>Fee_Sector.obj</file>
         <name>Fee_Sector.obj</name>
      </input_file>
      <input_file id="fl-f">
         <path>.\bsw\static\Interface\MemIf\src\</path>
         <kind>object</kind>
         <file>MemIf.obj</file>
         <name>MemIf.obj</name>
      </input_file>
      <input_file id="fl-10">
         <path>.\bsw\static\Mcal\Eep\src\</path>
         <kind>object</kind>
         <file>Eep.obj</file>
         <name>Eep.obj</name>
      </input_file>
      <input_file id="fl-11">
         <path>.\bsw\static\Mcal\Flash\src\</path>
         <kind>object</kind>
         <file>Fls.obj</file>
         <name>Fls.obj</name>
      </input_file>
      <input_file id="fl-12">
         <path>.\bsw\static\Service\NvM\src\</path>
         <kind>object</kind>
         <file>NvM.obj</file>
         <name>NvM.obj</name>
      </input_file>
      <input_file id="fl-13">
         <path>.\bsw\static\Service\NvM\src\</path>
         <kind>object</kind>
         <file>Queue.obj</file>
         <name>Queue.obj</name>
      </input_file>
      <input_file id="fl-14">
         <path>.\bsw\stub\</path>
         <kind>object</kind>
         <file>AppCfg.obj</file>
         <name>AppCfg.obj</name>
      </input_file>
      <input_file id="fl-15">
         <path>.\bsw\stub\</path>
         <kind>object</kind>
         <file>stub.obj</file>
         <name>stub.obj</name>
      </input_file>
      <input_file id="fl-19">
         <kind>object</kind>
         <file>&lt;internal&gt;</file>
         <name>&lt;internal&gt;</name>
      </input_file>
      <input_file id="fl-cf">
         <path>C:\ti\ccs910\ccs\tools\compiler\ti-cgt-arm_18.12.2.LTS\lib\</path>
         <kind>archive</kind>
         <file>rtsv7M4_T_le_v4SPD16_eabi.lib</file>
         <name>copy_zero_init.c.obj</name>
      </input_file>
      <input_file id="fl-d0">
         <path>C:\ti\ccs910\ccs\tools\compiler\ti-cgt-arm_18.12.2.LTS\lib\</path>
         <kind>archive</kind>
         <file>rtsv7M4_T_le_v4SPD16_eabi.lib</file>
         <name>copy_decompress_none.c.obj</name>
      </input_file>
      <input_file id="fl-d1">
         <path>C:\ti\ccs910\ccs\tools\compiler\ti-cgt-arm_18.12.2.LTS\lib\</path>
         <kind>archive</kind>
         <file>rtsv7M4_T_le_v4SPD16_eabi.lib</file>
         <name>copy_decompress_lzss.c.obj</name>
      </input_file>
      <input_file id="fl-d2">
         <path>C:\ti\ccs910\ccs\tools\compiler\ti-cgt-arm_18.12.2.LTS\lib\</path>
         <kind>archive</kind>
         <file>rtsv7M4_T_le_v4SPD16_eabi.lib</file>
         <name>boot_cortex_m.c.obj</name>
      </input_file>
      <input_file id="fl-d3">
         <path>C:\ti\ccs910\ccs\tools\compiler\ti-cgt-arm_18.12.2.LTS\lib\</path>
         <kind>archive</kind>
         <file>rtsv7M4_T_le_v4SPD16_eabi.lib</file>
         <name>memset_t2.asm.obj</name>
      </input_file>
      <input_file id="fl-d4">
         <path>C:\ti\ccs910\ccs\tools\compiler\ti-cgt-arm_18.12.2.LTS\lib\</path>
         <kind>archive</kind>
         <file>rtsv7M4_T_le_v4SPD16_eabi.lib</file>
         <name>memcpy_t2.asm.obj</name>
      </input_file>
      <input_file id="fl-d5">
         <path>C:\ti\ccs910\ccs\tools\compiler\ti-cgt-arm_18.12.2.LTS\lib\</path>
         <kind>archive</kind>
         <file>rtsv7M4_T_le_v4SPD16_eabi.lib</file>
         <name>autoinit.c.obj</name>
      </input_file>
      <input_file id="fl-d6">
         <path>C:\ti\ccs910\ccs\tools\compiler\ti-cgt-arm_18.12.2.LTS\lib\</path>
         <kind>archive</kind>
         <file>rtsv7M4_T_le_v4SPD16_eabi.lib</file>
         <name>pre_init.c.obj</name>
      </input_file>
      <input_file id="fl-d7">
         <path>C:\ti\ccs910\ccs\tools\compiler\ti-cgt-arm_18.12.2.LTS\lib\</path>
         <kind>archive</kind>
         <file>rtsv7M4_T_le_v4SPD16_eabi.lib</file>
         <name>cpy_tbl.c.obj</name>
      </input_file>
      <input_file id="fl-d8">
         <path>C:\ti\ccs910\ccs\tools\compiler\ti-cgt-arm_18.12.2.LTS\lib\</path>
         <kind>archive</kind>
         <file>rtsv7M4_T_le_v4SPD16_eabi.lib</file>
         <name>exit.c.obj</name>
      </input_file>
      <input_file id="fl-d9">
         <path>C:\ti\ccs910\ccs\tools\compiler\ti-cgt-arm_18.12.2.LTS\lib\</path>
         <kind>archive</kind>
         <file>rtsv7M4_T_le_v4SPD16_eabi.lib</file>
         <name>_lock.c.obj</name>
      </input_file>
      <input_file id="fl-da">
         <path>C:\ti\ccs910\ccs\tools\compiler\ti-cgt-arm_18.12.2.LTS\lib\</path>
         <kind>archive</kind>
         <file>rtsv7M4_T_le_v4SPD16_eabi.lib</file>
         <name>args_main.c.obj</name>
      </input_file>
   </input_file_list>
   <object_component_list>
      <object_component id="oc-f">
         <name>.intvecs</name>
         <load_address>0x0</load_address>
         <run_address>0x0</run_address>
         <size>0x26c</size>
         <input_file_ref idref="fl-3"/>
      </object_component>
      <object_component id="oc-de">
         <name>.text</name>
         <load_address>0x26c</load_address>
         <run_address>0x26c</run_address>
         <size>0x1c1c</size>
         <input_file_ref idref="fl-12"/>
      </object_component>
      <object_component id="oc-d8">
         <name>.text</name>
         <load_address>0x1e88</load_address>
         <run_address>0x1e88</run_address>
         <size>0x10d8</size>
         <input_file_ref idref="fl-c"/>
      </object_component>
      <object_component id="oc-e4">
         <name>.text</name>
         <load_address>0x2f60</load_address>
         <run_address>0x2f60</run_address>
         <size>0xf80</size>
         <input_file_ref idref="fl-9"/>
      </object_component>
      <object_component id="oc-185">
         <name>.text</name>
         <load_address>0x3ee0</load_address>
         <run_address>0x3ee0</run_address>
         <size>0x904</size>
         <input_file_ref idref="fl-e"/>
      </object_component>
      <object_component id="oc-d2">
         <name>.text</name>
         <load_address>0x47e4</load_address>
         <run_address>0x47e4</run_address>
         <size>0x8ac</size>
         <input_file_ref idref="fl-a"/>
      </object_component>
      <object_component id="oc-cc">
         <name>.text</name>
         <load_address>0x5090</load_address>
         <run_address>0x5090</run_address>
         <size>0x7e0</size>
         <input_file_ref idref="fl-10"/>
      </object_component>
      <object_component id="oc-c6">
         <name>.text</name>
         <load_address>0x5870</load_address>
         <run_address>0x5870</run_address>
         <size>0x7c8</size>
         <input_file_ref idref="fl-11"/>
      </object_component>
      <object_component id="oc-19e">
         <name>.text</name>
         <load_address>0x6038</load_address>
         <run_address>0x6038</run_address>
         <size>0x610</size>
         <input_file_ref idref="fl-13"/>
      </object_component>
      <object_component id="oc-1d8">
         <name>.text</name>
         <load_address>0x6648</load_address>
         <run_address>0x6648</run_address>
         <size>0x3c0</size>
         <input_file_ref idref="fl-8"/>
      </object_component>
      <object_component id="oc-98">
         <name>.text</name>
         <load_address>0x6a08</load_address>
         <run_address>0x6a08</run_address>
         <size>0x250</size>
         <input_file_ref idref="fl-2"/>
      </object_component>
      <object_component id="oc-1bc">
         <name>.text</name>
         <load_address>0x6c58</load_address>
         <run_address>0x6c58</run_address>
         <size>0xa4</size>
         <input_file_ref idref="fl-f"/>
      </object_component>
      <object_component id="oc-38">
         <name>.text</name>
         <load_address>0x6cfc</load_address>
         <run_address>0x6cfc</run_address>
         <size>0x9c</size>
         <input_file_ref idref="fl-d4"/>
      </object_component>
      <object_component id="oc-8c">
         <name>.text</name>
         <load_address>0x6d98</load_address>
         <run_address>0x6d98</run_address>
         <size>0x7a</size>
         <input_file_ref idref="fl-d3"/>
      </object_component>
      <object_component id="oc-12">
         <name>.text:decompress:lzss:__TI_decompress_lzss</name>
         <load_address>0x6e12</load_address>
         <run_address>0x6e12</run_address>
         <size>0x68</size>
         <input_file_ref idref="fl-d1"/>
      </object_component>
      <object_component id="oc-161">
         <name>.text</name>
         <load_address>0x6e7a</load_address>
         <run_address>0x6e7a</run_address>
         <size>0x4e</size>
         <input_file_ref idref="fl-15"/>
      </object_component>
      <object_component id="oc-114">
         <name>.text:__TI_auto_init_nobinit_nopinit:__TI_auto_init_nobinit_nopinit</name>
         <load_address>0x6ec8</load_address>
         <run_address>0x6ec8</run_address>
         <size>0x44</size>
         <input_file_ref idref="fl-d5"/>
      </object_component>
      <object_component id="oc-1de">
         <name>.text</name>
         <load_address>0x6f0c</load_address>
         <run_address>0x6f0c</run_address>
         <size>0x3e</size>
         <input_file_ref idref="fl-7"/>
      </object_component>
      <object_component id="oc-56">
         <name>.text:_c_int00_noargs:_c_int00_noargs</name>
         <load_address>0x6f4c</load_address>
         <run_address>0x6f4c</run_address>
         <size>0x34</size>
         <input_file_ref idref="fl-d2"/>
      </object_component>
      <object_component id="oc-18">
         <name>.text:decompress:none:__TI_decompress_none</name>
         <load_address>0x6f80</load_address>
         <run_address>0x6f80</run_address>
         <size>0xe</size>
         <input_file_ref idref="fl-d0"/>
      </object_component>
      <object_component id="oc-4a">
         <name>.text:decompress:ZI:__TI_zero_init</name>
         <load_address>0x6f8e</load_address>
         <run_address>0x6f8e</run_address>
         <size>0xc</size>
         <input_file_ref idref="fl-cf"/>
      </object_component>
      <object_component id="oc-24">
         <name>.text</name>
         <load_address>0x6f9a</load_address>
         <run_address>0x6f9a</run_address>
         <size>0xc</size>
         <input_file_ref idref="fl-3"/>
      </object_component>
      <object_component id="oc-ea">
         <name>.text:SysCtlDelay</name>
         <load_address>0x6fa6</load_address>
         <run_address>0x6fa6</run_address>
         <size>0x6</size>
         <input_file_ref idref="fl-9"/>
      </object_component>
      <object_component id="oc-92">
         <name>.text:_system_pre_init</name>
         <load_address>0x6fac</load_address>
         <run_address>0x6fac</run_address>
         <size>0x4</size>
         <input_file_ref idref="fl-d6"/>
      </object_component>
      <object_component id="oc-108">
         <name>.text:abort:abort</name>
         <load_address>0x6fb0</load_address>
         <run_address>0x6fb0</run_address>
         <size>0x4</size>
         <input_file_ref idref="fl-d8"/>
      </object_component>
      <object_component id="oc-1ea">
         <name>.const:g_pppui32XTALtoVCO</name>
         <load_address>0x6fb4</load_address>
         <run_address>0x6fb4</run_address>
         <size>0x1b0</size>
         <input_file_ref idref="fl-9"/>
      </object_component>
      <object_component id="oc-2b7">
         <name>.const:g_pui32Regs</name>
         <load_address>0x7164</load_address>
         <run_address>0x7164</run_address>
         <size>0x9c</size>
         <input_file_ref idref="fl-8"/>
      </object_component>
      <object_component id="oc-1e4">
         <name>.const:g_pui32Xtals</name>
         <load_address>0x7200</load_address>
         <run_address>0x7200</run_address>
         <size>0x6c</size>
         <input_file_ref idref="fl-9"/>
      </object_component>
      <object_component id="oc-1d5">
         <name>.const:g_sXTALtoMEMTIM</name>
         <load_address>0x726c</load_address>
         <run_address>0x726c</run_address>
         <size>0x30</size>
         <input_file_ref idref="fl-9"/>
      </object_component>
      <object_component id="oc-2b4">
         <name>.const:g_pui32Priority</name>
         <load_address>0x729c</load_address>
         <run_address>0x729c</run_address>
         <size>0x20</size>
         <input_file_ref idref="fl-8"/>
      </object_component>
      <object_component id="oc-2bd">
         <name>.const:g_pui32Dii16Regs</name>
         <load_address>0x72bc</load_address>
         <run_address>0x72bc</run_address>
         <size>0x14</size>
         <input_file_ref idref="fl-8"/>
      </object_component>
      <object_component id="oc-2ba">
         <name>.const:g_pui32EnRegs</name>
         <load_address>0x72d0</load_address>
         <run_address>0x72d0</run_address>
         <size>0x14</size>
         <input_file_ref idref="fl-8"/>
      </object_component>
      <object_component id="oc-2c0">
         <name>.const:g_pui32PendRegs</name>
         <load_address>0x72e4</load_address>
         <run_address>0x72e4</run_address>
         <size>0x14</size>
         <input_file_ref idref="fl-8"/>
      </object_component>
      <object_component id="oc-2c3">
         <name>.const:g_pui32UnpendRegs</name>
         <load_address>0x72f8</load_address>
         <run_address>0x72f8</run_address>
         <size>0x14</size>
         <input_file_ref idref="fl-8"/>
      </object_component>
      <object_component id="oc-1b3">
         <name>.const:$P$T0$1</name>
         <load_address>0x730c</load_address>
         <run_address>0x730c</run_address>
         <size>0xc</size>
         <input_file_ref idref="fl-12"/>
      </object_component>
      <object_component id="oc-1e7">
         <name>.const:g_pui32VCOFrequencies</name>
         <load_address>0x7318</load_address>
         <run_address>0x7318</run_address>
         <size>0x8</size>
         <input_file_ref idref="fl-9"/>
      </object_component>
      <object_component id="oc-368">
         <name>.cinit..data.load</name>
         <load_address>0x7320</load_address>
         <run_address>0x7320</run_address>
         <size>0xfc</size>
      </object_component>
      <object_component id="oc-365">
         <name>__TI_handler_table</name>
         <load_address>0x741c</load_address>
         <run_address>0x741c</run_address>
         <size>0xc</size>
      </object_component>
      <object_component id="oc-369">
         <name>.cinit..bss.load</name>
         <load_address>0x7428</load_address>
         <run_address>0x7428</run_address>
         <size>0x8</size>
      </object_component>
      <object_component id="oc-367">
         <name>.cinit..vtable.load</name>
         <load_address>0x7430</load_address>
         <run_address>0x7430</run_address>
         <size>0x8</size>
      </object_component>
      <object_component id="oc-366">
         <name>__TI_cinit_table</name>
         <load_address>0x7438</load_address>
         <run_address>0x7438</run_address>
         <size>0x18</size>
      </object_component>
      <object_component id="oc-2b1">
         <name>.vtable</name>
         <uninitialized>true</uninitialized>
         <run_address>0x20000000</run_address>
         <size>0x26c</size>
         <input_file_ref idref="fl-8"/>
      </object_component>
      <object_component id="oc-ee">
         <name>.data:Wdata</name>
         <load_address>0x200010e0</load_address>
         <run_address>0x200010e0</run_address>
         <size>0x400</size>
         <input_file_ref idref="fl-2"/>
      </object_component>
      <object_component id="oc-eb">
         <name>.data</name>
         <load_address>0x20001795</load_address>
         <run_address>0x20001795</run_address>
         <size>0x3</size>
         <input_file_ref idref="fl-2"/>
      </object_component>
      <object_component id="oc-1ff">
         <name>.data:EepInitConfiguration</name>
         <load_address>0x20001764</load_address>
         <run_address>0x20001764</run_address>
         <size>0x1c</size>
         <input_file_ref idref="fl-4"/>
      </object_component>
      <object_component id="oc-f4">
         <name>.data:Eep_Config</name>
         <load_address>0x20001834</load_address>
         <run_address>0x20001834</run_address>
         <size>0x4</size>
         <input_file_ref idref="fl-4"/>
      </object_component>
      <object_component id="oc-f1">
         <name>.data:Fls_Config</name>
         <load_address>0x200017f0</load_address>
         <run_address>0x200017f0</run_address>
         <size>0x8</size>
         <input_file_ref idref="fl-5"/>
      </object_component>
      <object_component id="oc-1a7">
         <name>.data:NvMBlockDescriptor</name>
         <load_address>0x200014e0</load_address>
         <run_address>0x200014e0</run_address>
         <size>0x140</size>
         <input_file_ref idref="fl-6"/>
      </object_component>
      <object_component id="oc-17a">
         <name>.data</name>
         <load_address>0x20001826</load_address>
         <run_address>0x20001826</run_address>
         <size>0x5</size>
         <input_file_ref idref="fl-a"/>
      </object_component>
      <object_component id="oc-177">
         <name>.data:Ea_BlockSConfig</name>
         <load_address>0x200017dc</load_address>
         <run_address>0x200017dc</run_address>
         <size>0xc</size>
         <input_file_ref idref="fl-b"/>
      </object_component>
      <object_component id="oc-18e">
         <name>.data:ValidBlocksInfo</name>
         <load_address>0x20001620</load_address>
         <run_address>0x20001620</run_address>
         <size>0xa0</size>
         <input_file_ref idref="fl-c"/>
      </object_component>
      <object_component id="oc-195">
         <name>.data</name>
         <load_address>0x20001798</load_address>
         <run_address>0x20001798</run_address>
         <size>0x14</size>
         <input_file_ref idref="fl-c"/>
      </object_component>
      <object_component id="oc-199">
         <name>.data:Fee_BlockConfig</name>
         <load_address>0x200016c0</load_address>
         <run_address>0x200016c0</run_address>
         <size>0x78</size>
         <input_file_ref idref="fl-d"/>
      </object_component>
      <object_component id="oc-24b">
         <name>.data</name>
         <load_address>0x20001738</load_address>
         <run_address>0x20001738</run_address>
         <size>0x2c</size>
         <input_file_ref idref="fl-e"/>
      </object_component>
      <object_component id="oc-297">
         <name>.data:MemIf_WriteFctPtr</name>
         <load_address>0x20001818</load_address>
         <run_address>0x20001818</run_address>
         <size>0x8</size>
         <input_file_ref idref="fl-f"/>
      </object_component>
      <object_component id="oc-294">
         <name>.data:MemIf_ReadFctPtr</name>
         <load_address>0x20001810</load_address>
         <run_address>0x20001810</run_address>
         <size>0x8</size>
         <input_file_ref idref="fl-f"/>
      </object_component>
      <object_component id="oc-29a">
         <name>.data:MemIf_GetStatusFctPtr</name>
         <load_address>0x20001800</load_address>
         <run_address>0x20001800</run_address>
         <size>0x8</size>
         <input_file_ref idref="fl-f"/>
      </object_component>
      <object_component id="oc-29d">
         <name>.data:MemIf_GetResultFctPtr</name>
         <load_address>0x200017f8</load_address>
         <run_address>0x200017f8</run_address>
         <size>0x8</size>
         <input_file_ref idref="fl-f"/>
      </object_component>
      <object_component id="oc-2a0">
         <name>.data:MemIf_InvalidateFctPtr</name>
         <load_address>0x20001808</load_address>
         <run_address>0x20001808</run_address>
         <size>0x8</size>
         <input_file_ref idref="fl-f"/>
      </object_component>
      <object_component id="oc-16f">
         <name>.data</name>
         <load_address>0x200017e8</load_address>
         <run_address>0x200017e8</run_address>
         <size>0x8</size>
         <input_file_ref idref="fl-10"/>
      </object_component>
      <object_component id="oc-167">
         <name>.data</name>
         <load_address>0x200017bc</load_address>
         <run_address>0x200017bc</run_address>
         <size>0x10</size>
         <input_file_ref idref="fl-11"/>
      </object_component>
      <object_component id="oc-1ad">
         <name>.data</name>
         <load_address>0x200017cc</load_address>
         <run_address>0x200017cc</run_address>
         <size>0x10</size>
         <input_file_ref idref="fl-12"/>
      </object_component>
      <object_component id="oc-26d">
         <name>.data:Stand_Queue_Indeces</name>
         <load_address>0x2000183c</load_address>
         <run_address>0x2000183c</run_address>
         <size>0x4</size>
         <input_file_ref idref="fl-13"/>
      </object_component>
      <object_component id="oc-26a">
         <name>.data:Immed_Queue_Indeces</name>
         <load_address>0x20001838</load_address>
         <run_address>0x20001838</run_address>
         <size>0x4</size>
         <input_file_ref idref="fl-13"/>
      </object_component>
      <object_component id="oc-1cb">
         <name>.data:CRC_Queue_Indeces</name>
         <load_address>0x20001830</load_address>
         <run_address>0x20001830</run_address>
         <size>0x4</size>
         <input_file_ref idref="fl-13"/>
      </object_component>
      <object_component id="oc-1b0">
         <name>.data</name>
         <load_address>0x20001820</load_address>
         <run_address>0x20001820</run_address>
         <size>0x6</size>
         <input_file_ref idref="fl-13"/>
      </object_component>
      <object_component id="oc-27a">
         <name>.data:Block2_ROMBLOCK</name>
         <load_address>0x2000182b</load_address>
         <run_address>0x2000182b</run_address>
         <size>0x4</size>
         <input_file_ref idref="fl-14"/>
      </object_component>
      <object_component id="oc-27e">
         <name>.data:Block3_ROMBLOCK</name>
         <load_address>0x200017ac</load_address>
         <run_address>0x200017ac</run_address>
         <size>0x10</size>
         <input_file_ref idref="fl-14"/>
      </object_component>
      <object_component id="oc-282">
         <name>.data:Block4_ROMBLOCK</name>
         <load_address>0x20001780</load_address>
         <run_address>0x20001780</run_address>
         <size>0x15</size>
         <input_file_ref idref="fl-14"/>
      </object_component>
      <object_component id="oc-17d">
         <name>.bss:ParametersCopy</name>
         <uninitialized>true</uninitialized>
         <run_address>0x200010c0</run_address>
         <size>0x8</size>
         <input_file_ref idref="fl-a"/>
      </object_component>
      <object_component id="oc-180">
         <name>.bss</name>
         <uninitialized>true</uninitialized>
         <run_address>0x200010a8</run_address>
         <size>0x9</size>
         <input_file_ref idref="fl-a"/>
      </object_component>
      <object_component id="oc-191">
         <name>.bss</name>
         <uninitialized>true</uninitialized>
         <run_address>0x200010d0</run_address>
         <size>0x7</size>
         <input_file_ref idref="fl-c"/>
      </object_component>
      <object_component id="oc-24c">
         <name>.bss:cmd$1</name>
         <uninitialized>true</uninitialized>
         <run_address>0x20001038</run_address>
         <size>0x14</size>
         <input_file_ref idref="fl-e"/>
      </object_component>
      <object_component id="oc-24d">
         <name>.bss:cmd$4</name>
         <uninitialized>true</uninitialized>
         <run_address>0x2000104c</run_address>
         <size>0x14</size>
         <input_file_ref idref="fl-e"/>
      </object_component>
      <object_component id="oc-172">
         <name>.bss:ParametersCopyObj</name>
         <uninitialized>true</uninitialized>
         <run_address>0x20001090</run_address>
         <size>0xc</size>
         <input_file_ref idref="fl-10"/>
      </object_component>
      <object_component id="oc-16a">
         <name>.bss</name>
         <uninitialized>true</uninitialized>
         <run_address>0x2000109c</run_address>
         <size>0xa</size>
         <input_file_ref idref="fl-11"/>
      </object_component>
      <object_component id="oc-1aa">
         <name>.bss:AdministrativeBlock</name>
         <uninitialized>true</uninitialized>
         <run_address>0x20000fe0</run_address>
         <size>0x28</size>
         <input_file_ref idref="fl-12"/>
      </object_component>
      <object_component id="oc-1b6">
         <name>.bss:MultiBlcokRequest</name>
         <uninitialized>true</uninitialized>
         <run_address>0x200010b1</run_address>
         <size>0x3</size>
         <input_file_ref idref="fl-12"/>
      </object_component>
      <object_component id="oc-1c2">
         <name>.bss</name>
         <uninitialized>true</uninitialized>
         <run_address>0x200010b4</run_address>
         <size>0x9</size>
         <input_file_ref idref="fl-12"/>
      </object_component>
      <object_component id="oc-1a4">
         <name>.bss:EndJobStatus</name>
         <uninitialized>true</uninitialized>
         <run_address>0x200010a6</run_address>
         <size>0x1</size>
         <input_file_ref idref="fl-12"/>
      </object_component>
      <object_component id="oc-1b9">
         <name>.bss:Current_Job</name>
         <uninitialized>true</uninitialized>
         <run_address>0x20001084</run_address>
         <size>0xc</size>
         <input_file_ref idref="fl-12"/>
      </object_component>
      <object_component id="oc-1c5">
         <name>.bss:TempBuffer</name>
         <uninitialized>true</uninitialized>
         <run_address>0x2000071c</run_address>
         <size>0x404</size>
         <input_file_ref idref="fl-12"/>
      </object_component>
      <object_component id="oc-270">
         <name>.bss:Immediate_Job_Queue</name>
         <uninitialized>true</uninitialized>
         <run_address>0x2000026c</run_address>
         <size>0x4b0</size>
         <input_file_ref idref="fl-13"/>
      </object_component>
      <object_component id="oc-f7">
         <name>.common:Rdata</name>
         <uninitialized>true</uninitialized>
         <run_address>0x20000b20</run_address>
         <size>0x400</size>
      </object_component>
      <object_component id="oc-18b">
         <name>.common:ActiveSectorInfo</name>
         <uninitialized>true</uninitialized>
         <run_address>0x20001008</run_address>
         <size>0x18</size>
      </object_component>
      <object_component id="oc-198">
         <name>.common:JobParametersCopy</name>
         <uninitialized>true</uninitialized>
         <run_address>0x200010c8</run_address>
         <size>0x8</size>
      </object_component>
      <object_component id="oc-194">
         <name>.common:ModuleInternalManagement</name>
         <uninitialized>true</uninitialized>
         <run_address>0x200010db</run_address>
         <size>0x4</size>
      </object_component>
      <object_component id="oc-19c">
         <name>.common:BlockData</name>
         <uninitialized>true</uninitialized>
         <run_address>0x20000f98</run_address>
         <size>0x48</size>
      </object_component>
      <object_component id="oc-273">
         <name>.common:Standard_Job_Queue</name>
         <uninitialized>true</uninitialized>
         <run_address>0x20000f20</run_address>
         <size>0x78</size>
      </object_component>
      <object_component id="oc-1c8">
         <name>.common:CRC_Job_Queue</name>
         <uninitialized>true</uninitialized>
         <run_address>0x20001060</run_address>
         <size>0x14</size>
      </object_component>
      <object_component id="oc-277">
         <name>.common:Block2_PRAMBLOCK</name>
         <uninitialized>true</uninitialized>
         <run_address>0x200010d7</run_address>
         <size>0x4</size>
      </object_component>
      <object_component id="oc-27d">
         <name>.common:Block3_RAMBLOCK</name>
         <uninitialized>true</uninitialized>
         <run_address>0x20001074</run_address>
         <size>0x10</size>
      </object_component>
      <object_component id="oc-281">
         <name>.common:Block4_PRAMBLOCK</name>
         <uninitialized>true</uninitialized>
         <run_address>0x20001020</run_address>
         <size>0x18</size>
      </object_component>
      <object_component id="oc-21">
         <name>.stack</name>
         <uninitialized>true</uninitialized>
         <run_address>0x20001840</run_address>
         <size>0x4</size>
         <input_file_ref idref="fl-d2"/>
      </object_component>
      <object_component id="oc-36a">
         <name>.stack</name>
         <uninitialized>true</uninitialized>
         <run_address>0x20001840</run_address>
         <size>0x0</size>
      </object_component>
      <object_component id="oc-b4">
         <name>.debug_info</name>
         <load_address>0x0</load_address>
         <run_address>0x0</run_address>
         <size>0x710</size>
         <input_file_ref idref="fl-2"/>
      </object_component>
      <object_component id="oc-ef">
         <name>.debug_info</name>
         <load_address>0x710</load_address>
         <run_address>0x710</run_address>
         <size>0xdd</size>
         <input_file_ref idref="fl-2"/>
      </object_component>
      <object_component id="oc-ec">
         <name>.debug_info</name>
         <load_address>0x7ed</load_address>
         <run_address>0x7ed</run_address>
         <size>0x12d</size>
         <input_file_ref idref="fl-2"/>
      </object_component>
      <object_component id="oc-9a">
         <name>.debug_info</name>
         <load_address>0x91a</load_address>
         <run_address>0x91a</run_address>
         <size>0x708</size>
         <input_file_ref idref="fl-2"/>
      </object_component>
      <object_component id="oc-1f6">
         <name>.debug_info</name>
         <load_address>0x1022</load_address>
         <run_address>0x1022</run_address>
         <size>0x7e</size>
         <input_file_ref idref="fl-2"/>
      </object_component>
      <object_component id="oc-148">
         <name>.debug_info</name>
         <load_address>0x10a0</load_address>
         <run_address>0x10a0</run_address>
         <size>0x31</size>
         <input_file_ref idref="fl-2"/>
      </object_component>
      <object_component id="oc-14d">
         <name>.debug_info</name>
         <load_address>0x10d1</load_address>
         <run_address>0x10d1</run_address>
         <size>0x31</size>
         <input_file_ref idref="fl-2"/>
      </object_component>
      <object_component id="oc-152">
         <name>.debug_info</name>
         <load_address>0x1102</load_address>
         <run_address>0x1102</run_address>
         <size>0x85</size>
         <input_file_ref idref="fl-2"/>
      </object_component>
      <object_component id="oc-157">
         <name>.debug_info</name>
         <load_address>0x1187</load_address>
         <run_address>0x1187</run_address>
         <size>0x114</size>
         <input_file_ref idref="fl-2"/>
      </object_component>
      <object_component id="oc-f9">
         <name>.debug_info</name>
         <load_address>0x129b</load_address>
         <run_address>0x129b</run_address>
         <size>0xf7</size>
         <input_file_ref idref="fl-2"/>
      </object_component>
      <object_component id="oc-103">
         <name>.debug_info</name>
         <load_address>0x1392</load_address>
         <run_address>0x1392</run_address>
         <size>0x346</size>
         <input_file_ref idref="fl-2"/>
      </object_component>
      <object_component id="oc-6d">
         <name>.debug_info</name>
         <load_address>0x16d8</load_address>
         <run_address>0x16d8</run_address>
         <size>0x26b</size>
         <input_file_ref idref="fl-2"/>
      </object_component>
      <object_component id="oc-af">
         <name>.debug_info</name>
         <load_address>0x1943</load_address>
         <run_address>0x1943</run_address>
         <size>0x8b</size>
         <input_file_ref idref="fl-2"/>
      </object_component>
      <object_component id="oc-aa">
         <name>.debug_info</name>
         <load_address>0x19ce</load_address>
         <run_address>0x19ce</run_address>
         <size>0x297</size>
         <input_file_ref idref="fl-2"/>
      </object_component>
      <object_component id="oc-1ee">
         <name>.debug_info</name>
         <load_address>0x1c65</load_address>
         <run_address>0x1c65</run_address>
         <size>0xef</size>
         <input_file_ref idref="fl-2"/>
      </object_component>
      <object_component id="oc-72">
         <name>.debug_info</name>
         <load_address>0x1d54</load_address>
         <run_address>0x1d54</run_address>
         <size>0xbb</size>
         <input_file_ref idref="fl-2"/>
      </object_component>
      <object_component id="oc-fe">
         <name>.debug_info</name>
         <load_address>0x1e0f</load_address>
         <run_address>0x1e0f</run_address>
         <size>0x164</size>
         <input_file_ref idref="fl-2"/>
      </object_component>
      <object_component id="oc-15c">
         <name>.debug_info</name>
         <load_address>0x1f73</load_address>
         <run_address>0x1f73</run_address>
         <size>0x46</size>
         <input_file_ref idref="fl-2"/>
      </object_component>
      <object_component id="oc-2c">
         <name>.debug_info</name>
         <load_address>0x1fb9</load_address>
         <run_address>0x1fb9</run_address>
         <size>0x2c0</size>
         <input_file_ref idref="fl-3"/>
      </object_component>
      <object_component id="oc-10">
         <name>.debug_info</name>
         <load_address>0x2279</load_address>
         <run_address>0x2279</run_address>
         <size>0xff</size>
         <input_file_ref idref="fl-3"/>
      </object_component>
      <object_component id="oc-25">
         <name>.debug_info</name>
         <load_address>0x2378</load_address>
         <run_address>0x2378</run_address>
         <size>0x27b</size>
         <input_file_ref idref="fl-3"/>
      </object_component>
      <object_component id="oc-33">
         <name>.debug_info</name>
         <load_address>0x25f3</load_address>
         <run_address>0x25f3</run_address>
         <size>0x84</size>
         <input_file_ref idref="fl-3"/>
      </object_component>
      <object_component id="oc-200">
         <name>.debug_info</name>
         <load_address>0x2677</load_address>
         <run_address>0x2677</run_address>
         <size>0x138</size>
         <input_file_ref idref="fl-4"/>
      </object_component>
      <object_component id="oc-f5">
         <name>.debug_info</name>
         <load_address>0x27af</load_address>
         <run_address>0x27af</run_address>
         <size>0x124</size>
         <input_file_ref idref="fl-4"/>
      </object_component>
      <object_component id="oc-f2">
         <name>.debug_info</name>
         <load_address>0x28d3</load_address>
         <run_address>0x28d3</run_address>
         <size>0x124</size>
         <input_file_ref idref="fl-5"/>
      </object_component>
      <object_component id="oc-287">
         <name>.debug_info</name>
         <load_address>0x29f7</load_address>
         <run_address>0x29f7</run_address>
         <size>0x334</size>
         <input_file_ref idref="fl-6"/>
      </object_component>
      <object_component id="oc-1a8">
         <name>.debug_info</name>
         <load_address>0x2d2b</load_address>
         <run_address>0x2d2b</run_address>
         <size>0x133</size>
         <input_file_ref idref="fl-6"/>
      </object_component>
      <object_component id="oc-1e2">
         <name>.debug_info</name>
         <load_address>0x2e5e</load_address>
         <run_address>0x2e5e</run_address>
         <size>0x735</size>
         <input_file_ref idref="fl-7"/>
      </object_component>
      <object_component id="oc-2c7">
         <name>.debug_info</name>
         <load_address>0x3593</load_address>
         <run_address>0x3593</run_address>
         <size>0x3c2</size>
         <input_file_ref idref="fl-8"/>
      </object_component>
      <object_component id="oc-2b5">
         <name>.debug_info</name>
         <load_address>0x3955</load_address>
         <run_address>0x3955</run_address>
         <size>0x14c</size>
         <input_file_ref idref="fl-8"/>
      </object_component>
      <object_component id="oc-2b8">
         <name>.debug_info</name>
         <load_address>0x3aa1</load_address>
         <run_address>0x3aa1</run_address>
         <size>0x144</size>
         <input_file_ref idref="fl-8"/>
      </object_component>
      <object_component id="oc-2bb">
         <name>.debug_info</name>
         <load_address>0x3be5</load_address>
         <run_address>0x3be5</run_address>
         <size>0x148</size>
         <input_file_ref idref="fl-8"/>
      </object_component>
      <object_component id="oc-2be">
         <name>.debug_info</name>
         <load_address>0x3d2d</load_address>
         <run_address>0x3d2d</run_address>
         <size>0x14e</size>
         <input_file_ref idref="fl-8"/>
      </object_component>
      <object_component id="oc-2c1">
         <name>.debug_info</name>
         <load_address>0x3e7b</load_address>
         <run_address>0x3e7b</run_address>
         <size>0x14c</size>
         <input_file_ref idref="fl-8"/>
      </object_component>
      <object_component id="oc-2c4">
         <name>.debug_info</name>
         <load_address>0x3fc7</load_address>
         <run_address>0x3fc7</run_address>
         <size>0x150</size>
         <input_file_ref idref="fl-8"/>
      </object_component>
      <object_component id="oc-2b2">
         <name>.debug_info</name>
         <load_address>0x4117</load_address>
         <run_address>0x4117</run_address>
         <size>0x14d</size>
         <input_file_ref idref="fl-8"/>
      </object_component>
      <object_component id="oc-1d9">
         <name>.debug_info</name>
         <load_address>0x4264</load_address>
         <run_address>0x4264</run_address>
         <size>0x1787</size>
         <input_file_ref idref="fl-8"/>
      </object_component>
      <object_component id="oc-1f3">
         <name>.debug_info</name>
         <load_address>0x59eb</load_address>
         <run_address>0x59eb</run_address>
         <size>0x447</size>
         <input_file_ref idref="fl-9"/>
      </object_component>
      <object_component id="oc-1e5">
         <name>.debug_info</name>
         <load_address>0x5e32</load_address>
         <run_address>0x5e32</run_address>
         <size>0x143</size>
         <input_file_ref idref="fl-9"/>
      </object_component>
      <object_component id="oc-1eb">
         <name>.debug_info</name>
         <load_address>0x5f75</load_address>
         <run_address>0x5f75</run_address>
         <size>0x14f</size>
         <input_file_ref idref="fl-9"/>
      </object_component>
      <object_component id="oc-1d6">
         <name>.debug_info</name>
         <load_address>0x60c4</load_address>
         <run_address>0x60c4</run_address>
         <size>0x149</size>
         <input_file_ref idref="fl-9"/>
      </object_component>
      <object_component id="oc-1e8">
         <name>.debug_info</name>
         <load_address>0x620d</load_address>
         <run_address>0x620d</run_address>
         <size>0x156</size>
         <input_file_ref idref="fl-9"/>
      </object_component>
      <object_component id="oc-e8">
         <name>.debug_info</name>
         <load_address>0x6363</load_address>
         <run_address>0x6363</run_address>
         <size>0x4ddd</size>
         <input_file_ref idref="fl-9"/>
      </object_component>
      <object_component id="oc-2d1">
         <name>.debug_info</name>
         <load_address>0xb140</load_address>
         <run_address>0xb140</run_address>
         <size>0x51</size>
         <input_file_ref idref="fl-9"/>
      </object_component>
      <object_component id="oc-184">
         <name>.debug_info</name>
         <load_address>0xb191</load_address>
         <run_address>0xb191</run_address>
         <size>0x48f</size>
         <input_file_ref idref="fl-a"/>
      </object_component>
      <object_component id="oc-17b">
         <name>.debug_info</name>
         <load_address>0xb620</load_address>
         <run_address>0xb620</run_address>
         <size>0x1de</size>
         <input_file_ref idref="fl-a"/>
      </object_component>
      <object_component id="oc-17e">
         <name>.debug_info</name>
         <load_address>0xb7fe</load_address>
         <run_address>0xb7fe</run_address>
         <size>0x138</size>
         <input_file_ref idref="fl-a"/>
      </object_component>
      <object_component id="oc-181">
         <name>.debug_info</name>
         <load_address>0xb936</load_address>
         <run_address>0xb936</run_address>
         <size>0x17e</size>
         <input_file_ref idref="fl-a"/>
      </object_component>
      <object_component id="oc-d6">
         <name>.debug_info</name>
         <load_address>0xbab4</load_address>
         <run_address>0xbab4</run_address>
         <size>0x1a43</size>
         <input_file_ref idref="fl-a"/>
      </object_component>
      <object_component id="oc-23d">
         <name>.debug_info</name>
         <load_address>0xd4f7</load_address>
         <run_address>0xd4f7</run_address>
         <size>0xbf</size>
         <input_file_ref idref="fl-a"/>
      </object_component>
      <object_component id="oc-246">
         <name>.debug_info</name>
         <load_address>0xd5b6</load_address>
         <run_address>0xd5b6</run_address>
         <size>0x72</size>
         <input_file_ref idref="fl-a"/>
      </object_component>
      <object_component id="oc-238">
         <name>.debug_info</name>
         <load_address>0xd628</load_address>
         <run_address>0xd628</run_address>
         <size>0x15b</size>
         <input_file_ref idref="fl-b"/>
      </object_component>
      <object_component id="oc-178">
         <name>.debug_info</name>
         <load_address>0xd783</load_address>
         <run_address>0xd783</run_address>
         <size>0x146</size>
         <input_file_ref idref="fl-b"/>
      </object_component>
      <object_component id="oc-18c">
         <name>.debug_info</name>
         <load_address>0xd8c9</load_address>
         <run_address>0xd8c9</run_address>
         <size>0x782</size>
         <input_file_ref idref="fl-c"/>
      </object_component>
      <object_component id="oc-18f">
         <name>.debug_info</name>
         <load_address>0xe04b</load_address>
         <run_address>0xe04b</run_address>
         <size>0x13d</size>
         <input_file_ref idref="fl-c"/>
      </object_component>
      <object_component id="oc-192">
         <name>.debug_info</name>
         <load_address>0xe188</load_address>
         <run_address>0xe188</run_address>
         <size>0x1d2</size>
         <input_file_ref idref="fl-c"/>
      </object_component>
      <object_component id="oc-196">
         <name>.debug_info</name>
         <load_address>0xe35a</load_address>
         <run_address>0xe35a</run_address>
         <size>0x16a</size>
         <input_file_ref idref="fl-c"/>
      </object_component>
      <object_component id="oc-d9">
         <name>.debug_info</name>
         <load_address>0xe4c4</load_address>
         <run_address>0xe4c4</run_address>
         <size>0x1777</size>
         <input_file_ref idref="fl-c"/>
      </object_component>
      <object_component id="oc-250">
         <name>.debug_info</name>
         <load_address>0xfc3b</load_address>
         <run_address>0xfc3b</run_address>
         <size>0x250</size>
         <input_file_ref idref="fl-c"/>
      </object_component>
      <object_component id="oc-25c">
         <name>.debug_info</name>
         <load_address>0xfe8b</load_address>
         <run_address>0xfe8b</run_address>
         <size>0x93</size>
         <input_file_ref idref="fl-c"/>
      </object_component>
      <object_component id="oc-257">
         <name>.debug_info</name>
         <load_address>0xff1e</load_address>
         <run_address>0xff1e</run_address>
         <size>0x86</size>
         <input_file_ref idref="fl-c"/>
      </object_component>
      <object_component id="oc-269">
         <name>.debug_info</name>
         <load_address>0xffa4</load_address>
         <run_address>0xffa4</run_address>
         <size>0x157</size>
         <input_file_ref idref="fl-d"/>
      </object_component>
      <object_component id="oc-19a">
         <name>.debug_info</name>
         <load_address>0x100fb</load_address>
         <run_address>0x100fb</run_address>
         <size>0x148</size>
         <input_file_ref idref="fl-d"/>
      </object_component>
      <object_component id="oc-24f">
         <name>.debug_info</name>
         <load_address>0x10243</load_address>
         <run_address>0x10243</run_address>
         <size>0x48b</size>
         <input_file_ref idref="fl-e"/>
      </object_component>
      <object_component id="oc-186">
         <name>.debug_info</name>
         <load_address>0x106ce</load_address>
         <run_address>0x106ce</run_address>
         <size>0x1a3c</size>
         <input_file_ref idref="fl-e"/>
      </object_component>
      <object_component id="oc-2a4">
         <name>.debug_info</name>
         <load_address>0x1210a</load_address>
         <run_address>0x1210a</run_address>
         <size>0x57d</size>
         <input_file_ref idref="fl-f"/>
      </object_component>
      <object_component id="oc-298">
         <name>.debug_info</name>
         <load_address>0x12687</load_address>
         <run_address>0x12687</run_address>
         <size>0x145</size>
         <input_file_ref idref="fl-f"/>
      </object_component>
      <object_component id="oc-295">
         <name>.debug_info</name>
         <load_address>0x127cc</load_address>
         <run_address>0x127cc</run_address>
         <size>0x143</size>
         <input_file_ref idref="fl-f"/>
      </object_component>
      <object_component id="oc-29b">
         <name>.debug_info</name>
         <load_address>0x1290f</load_address>
         <run_address>0x1290f</run_address>
         <size>0x14d</size>
         <input_file_ref idref="fl-f"/>
      </object_component>
      <object_component id="oc-29e">
         <name>.debug_info</name>
         <load_address>0x12a5c</load_address>
         <run_address>0x12a5c</run_address>
         <size>0x14d</size>
         <input_file_ref idref="fl-f"/>
      </object_component>
      <object_component id="oc-2a1">
         <name>.debug_info</name>
         <load_address>0x12ba9</load_address>
         <run_address>0x12ba9</run_address>
         <size>0x14f</size>
         <input_file_ref idref="fl-f"/>
      </object_component>
      <object_component id="oc-1bd">
         <name>.debug_info</name>
         <load_address>0x12cf8</load_address>
         <run_address>0x12cf8</run_address>
         <size>0x8b7</size>
         <input_file_ref idref="fl-f"/>
      </object_component>
      <object_component id="oc-176">
         <name>.debug_info</name>
         <load_address>0x135af</load_address>
         <run_address>0x135af</run_address>
         <size>0x3b6</size>
         <input_file_ref idref="fl-10"/>
      </object_component>
      <object_component id="oc-173">
         <name>.debug_info</name>
         <load_address>0x13965</load_address>
         <run_address>0x13965</run_address>
         <size>0x13b</size>
         <input_file_ref idref="fl-10"/>
      </object_component>
      <object_component id="oc-170">
         <name>.debug_info</name>
         <load_address>0x13aa0</load_address>
         <run_address>0x13aa0</run_address>
         <size>0x1af</size>
         <input_file_ref idref="fl-10"/>
      </object_component>
      <object_component id="oc-cd">
         <name>.debug_info</name>
         <load_address>0x13c4f</load_address>
         <run_address>0x13c4f</run_address>
         <size>0x15df</size>
         <input_file_ref idref="fl-10"/>
      </object_component>
      <object_component id="oc-22f">
         <name>.debug_info</name>
         <load_address>0x1522e</load_address>
         <run_address>0x1522e</run_address>
         <size>0x86</size>
         <input_file_ref idref="fl-10"/>
      </object_component>
      <object_component id="oc-16e">
         <name>.debug_info</name>
         <load_address>0x152b4</load_address>
         <run_address>0x152b4</run_address>
         <size>0x395</size>
         <input_file_ref idref="fl-11"/>
      </object_component>
      <object_component id="oc-168">
         <name>.debug_info</name>
         <load_address>0x15649</load_address>
         <run_address>0x15649</run_address>
         <size>0x1b3</size>
         <input_file_ref idref="fl-11"/>
      </object_component>
      <object_component id="oc-16b">
         <name>.debug_info</name>
         <load_address>0x157fc</load_address>
         <run_address>0x157fc</run_address>
         <size>0x1cd</size>
         <input_file_ref idref="fl-11"/>
      </object_component>
      <object_component id="oc-c7">
         <name>.debug_info</name>
         <load_address>0x159c9</load_address>
         <run_address>0x159c9</run_address>
         <size>0x1792</size>
         <input_file_ref idref="fl-11"/>
      </object_component>
      <object_component id="oc-1cf">
         <name>.debug_info</name>
         <load_address>0x1715b</load_address>
         <run_address>0x1715b</run_address>
         <size>0x762</size>
         <input_file_ref idref="fl-12"/>
      </object_component>
      <object_component id="oc-1ab">
         <name>.debug_info</name>
         <load_address>0x178bd</load_address>
         <run_address>0x178bd</run_address>
         <size>0x142</size>
         <input_file_ref idref="fl-12"/>
      </object_component>
      <object_component id="oc-1b7">
         <name>.debug_info</name>
         <load_address>0x179ff</load_address>
         <run_address>0x179ff</run_address>
         <size>0x13e</size>
         <input_file_ref idref="fl-12"/>
      </object_component>
      <object_component id="oc-1c3">
         <name>.debug_info</name>
         <load_address>0x17b3d</load_address>
         <run_address>0x17b3d</run_address>
         <size>0x18a</size>
         <input_file_ref idref="fl-12"/>
      </object_component>
      <object_component id="oc-1a5">
         <name>.debug_info</name>
         <load_address>0x17cc7</load_address>
         <run_address>0x17cc7</run_address>
         <size>0x134</size>
         <input_file_ref idref="fl-12"/>
      </object_component>
      <object_component id="oc-1ae">
         <name>.debug_info</name>
         <load_address>0x17dfb</load_address>
         <run_address>0x17dfb</run_address>
         <size>0x132</size>
         <input_file_ref idref="fl-12"/>
      </object_component>
      <object_component id="oc-1ba">
         <name>.debug_info</name>
         <load_address>0x17f2d</load_address>
         <run_address>0x17f2d</run_address>
         <size>0x132</size>
         <input_file_ref idref="fl-12"/>
      </object_component>
      <object_component id="oc-1c6">
         <name>.debug_info</name>
         <load_address>0x1805f</load_address>
         <run_address>0x1805f</run_address>
         <size>0x130</size>
         <input_file_ref idref="fl-12"/>
      </object_component>
      <object_component id="oc-1b4">
         <name>.debug_info</name>
         <load_address>0x1818f</load_address>
         <run_address>0x1818f</run_address>
         <size>0x12b</size>
         <input_file_ref idref="fl-12"/>
      </object_component>
      <object_component id="oc-df">
         <name>.debug_info</name>
         <load_address>0x182ba</load_address>
         <run_address>0x182ba</run_address>
         <size>0x2ef1</size>
         <input_file_ref idref="fl-12"/>
      </object_component>
      <object_component id="oc-1d0">
         <name>.debug_info</name>
         <load_address>0x1b1ab</load_address>
         <run_address>0x1b1ab</run_address>
         <size>0x1dc</size>
         <input_file_ref idref="fl-12"/>
      </object_component>
      <object_component id="oc-1c9">
         <name>.debug_info</name>
         <load_address>0x1b387</load_address>
         <run_address>0x1b387</run_address>
         <size>0x41e</size>
         <input_file_ref idref="fl-13"/>
      </object_component>
      <object_component id="oc-26e">
         <name>.debug_info</name>
         <load_address>0x1b7a5</load_address>
         <run_address>0x1b7a5</run_address>
         <size>0x145</size>
         <input_file_ref idref="fl-13"/>
      </object_component>
      <object_component id="oc-271">
         <name>.debug_info</name>
         <load_address>0x1b8ea</load_address>
         <run_address>0x1b8ea</run_address>
         <size>0x144</size>
         <input_file_ref idref="fl-13"/>
      </object_component>
      <object_component id="oc-26b">
         <name>.debug_info</name>
         <load_address>0x1ba2e</load_address>
         <run_address>0x1ba2e</run_address>
         <size>0x144</size>
         <input_file_ref idref="fl-13"/>
      </object_component>
      <object_component id="oc-1cc">
         <name>.debug_info</name>
         <load_address>0x1bb72</load_address>
         <run_address>0x1bb72</run_address>
         <size>0x141</size>
         <input_file_ref idref="fl-13"/>
      </object_component>
      <object_component id="oc-1b1">
         <name>.debug_info</name>
         <load_address>0x1bcb3</load_address>
         <run_address>0x1bcb3</run_address>
         <size>0x24e</size>
         <input_file_ref idref="fl-13"/>
      </object_component>
      <object_component id="oc-1a2">
         <name>.debug_info</name>
         <load_address>0x1bf01</load_address>
         <run_address>0x1bf01</run_address>
         <size>0x8e3</size>
         <input_file_ref idref="fl-13"/>
      </object_component>
      <object_component id="oc-278">
         <name>.debug_info</name>
         <load_address>0x1c7e4</load_address>
         <run_address>0x1c7e4</run_address>
         <size>0x25e</size>
         <input_file_ref idref="fl-14"/>
      </object_component>
      <object_component id="oc-27b">
         <name>.debug_info</name>
         <load_address>0x1ca42</load_address>
         <run_address>0x1ca42</run_address>
         <size>0x12c</size>
         <input_file_ref idref="fl-14"/>
      </object_component>
      <object_component id="oc-27f">
         <name>.debug_info</name>
         <load_address>0x1cb6e</load_address>
         <run_address>0x1cb6e</run_address>
         <size>0x12c</size>
         <input_file_ref idref="fl-14"/>
      </object_component>
      <object_component id="oc-283">
         <name>.debug_info</name>
         <load_address>0x1cc9a</load_address>
         <run_address>0x1cc9a</run_address>
         <size>0x12c</size>
         <input_file_ref idref="fl-14"/>
      </object_component>
      <object_component id="oc-306">
         <name>.debug_info</name>
         <load_address>0x1cdc6</load_address>
         <run_address>0x1cdc6</run_address>
         <size>0xf7</size>
         <input_file_ref idref="fl-14"/>
      </object_component>
      <object_component id="oc-162">
         <name>.debug_info</name>
         <load_address>0x1cebd</load_address>
         <run_address>0x1cebd</run_address>
         <size>0x5c4</size>
         <input_file_ref idref="fl-15"/>
      </object_component>
      <object_component id="oc-8b">
         <name>.debug_info</name>
         <load_address>0x1d481</load_address>
         <run_address>0x1d481</run_address>
         <size>0x2d5</size>
         <input_file_ref idref="fl-cf"/>
      </object_component>
      <object_component id="oc-4b">
         <name>.debug_info</name>
         <load_address>0x1d756</load_address>
         <run_address>0x1d756</run_address>
         <size>0x1b6</size>
         <input_file_ref idref="fl-cf"/>
      </object_component>
      <object_component id="oc-86">
         <name>.debug_info</name>
         <load_address>0x1d90c</load_address>
         <run_address>0x1d90c</run_address>
         <size>0x46</size>
         <input_file_ref idref="fl-cf"/>
      </object_component>
      <object_component id="oc-bd">
         <name>.debug_info</name>
         <load_address>0x1d952</load_address>
         <run_address>0x1d952</run_address>
         <size>0x2c</size>
         <input_file_ref idref="fl-cf"/>
      </object_component>
      <object_component id="oc-43">
         <name>.debug_info</name>
         <load_address>0x1d97e</load_address>
         <run_address>0x1d97e</run_address>
         <size>0x2a9</size>
         <input_file_ref idref="fl-d0"/>
      </object_component>
      <object_component id="oc-1c">
         <name>.debug_info</name>
         <load_address>0x1dc27</load_address>
         <run_address>0x1dc27</run_address>
         <size>0x1eb</size>
         <input_file_ref idref="fl-d0"/>
      </object_component>
      <object_component id="oc-3e">
         <name>.debug_info</name>
         <load_address>0x1de12</load_address>
         <run_address>0x1de12</run_address>
         <size>0x46</size>
         <input_file_ref idref="fl-d0"/>
      </object_component>
      <object_component id="oc-7e">
         <name>.debug_info</name>
         <load_address>0x1de58</load_address>
         <run_address>0x1de58</run_address>
         <size>0x2c</size>
         <input_file_ref idref="fl-d0"/>
      </object_component>
      <object_component id="oc-7c">
         <name>.debug_info</name>
         <load_address>0x1de84</load_address>
         <run_address>0x1de84</run_address>
         <size>0x29f</size>
         <input_file_ref idref="fl-d1"/>
      </object_component>
      <object_component id="oc-15">
         <name>.debug_info</name>
         <load_address>0x1e123</load_address>
         <run_address>0x1e123</run_address>
         <size>0x251</size>
         <input_file_ref idref="fl-d1"/>
      </object_component>
      <object_component id="oc-2e">
         <name>.debug_info</name>
         <load_address>0x1e374</load_address>
         <run_address>0x1e374</run_address>
         <size>0x60</size>
         <input_file_ref idref="fl-d1"/>
      </object_component>
      <object_component id="oc-b6">
         <name>.debug_info</name>
         <load_address>0x1e3d4</load_address>
         <run_address>0x1e3d4</run_address>
         <size>0x46</size>
         <input_file_ref idref="fl-d1"/>
      </object_component>
      <object_component id="oc-77">
         <name>.debug_info</name>
         <load_address>0x1e41a</load_address>
         <run_address>0x1e41a</run_address>
         <size>0x39</size>
         <input_file_ref idref="fl-d1"/>
      </object_component>
      <object_component id="oc-22">
         <name>.debug_info</name>
         <load_address>0x1e453</load_address>
         <run_address>0x1e453</run_address>
         <size>0x10c</size>
         <input_file_ref idref="fl-d2"/>
      </object_component>
      <object_component id="oc-5a">
         <name>.debug_info</name>
         <load_address>0x1e55f</load_address>
         <run_address>0x1e55f</run_address>
         <size>0x1aa</size>
         <input_file_ref idref="fl-d2"/>
      </object_component>
      <object_component id="oc-8d">
         <name>.debug_info</name>
         <load_address>0x1e709</load_address>
         <run_address>0x1e709</run_address>
         <size>0x148</size>
         <input_file_ref idref="fl-d3"/>
      </object_component>
      <object_component id="oc-39">
         <name>.debug_info</name>
         <load_address>0x1e851</load_address>
         <run_address>0x1e851</run_address>
         <size>0x11a</size>
         <input_file_ref idref="fl-d4"/>
      </object_component>
      <object_component id="oc-20f">
         <name>.debug_info</name>
         <load_address>0x1e96b</load_address>
         <run_address>0x1e96b</run_address>
         <size>0x4b4</size>
         <input_file_ref idref="fl-d5"/>
      </object_component>
      <object_component id="oc-116">
         <name>.debug_info</name>
         <load_address>0x1ee1f</load_address>
         <run_address>0x1ee1f</run_address>
         <size>0x1a7</size>
         <input_file_ref idref="fl-d5"/>
      </object_component>
      <object_component id="oc-2e7">
         <name>.debug_info</name>
         <load_address>0x1efc6</load_address>
         <run_address>0x1efc6</run_address>
         <size>0x39</size>
         <input_file_ref idref="fl-d5"/>
      </object_component>
      <object_component id="oc-332">
         <name>.debug_info</name>
         <load_address>0x1efff</load_address>
         <run_address>0x1efff</run_address>
         <size>0x39</size>
         <input_file_ref idref="fl-d5"/>
      </object_component>
      <object_component id="oc-2ec">
         <name>.debug_info</name>
         <load_address>0x1f038</load_address>
         <run_address>0x1f038</run_address>
         <size>0x39</size>
         <input_file_ref idref="fl-d5"/>
      </object_component>
      <object_component id="oc-2f1">
         <name>.debug_info</name>
         <load_address>0x1f071</load_address>
         <run_address>0x1f071</run_address>
         <size>0xcd</size>
         <input_file_ref idref="fl-d5"/>
      </object_component>
      <object_component id="oc-96">
         <name>.debug_info</name>
         <load_address>0x1f13e</load_address>
         <run_address>0x1f13e</run_address>
         <size>0x154</size>
         <input_file_ref idref="fl-d6"/>
      </object_component>
      <object_component id="oc-10a">
         <name>.debug_info</name>
         <load_address>0x1f292</load_address>
         <run_address>0x1f292</run_address>
         <size>0x123</size>
         <input_file_ref idref="fl-d8"/>
      </object_component>
      <object_component id="oc-36b">
         <name>.debug_info</name>
         <load_address>0x1f3b5</load_address>
         <run_address>0x1f3b5</run_address>
         <size>0xb2</size>
      </object_component>
      <object_component id="oc-147">
         <name>.debug_line</name>
         <load_address>0x0</load_address>
         <run_address>0x0</run_address>
         <size>0x244</size>
         <input_file_ref idref="fl-2"/>
      </object_component>
      <object_component id="oc-1fc">
         <name>.debug_line</name>
         <load_address>0x244</load_address>
         <run_address>0x244</run_address>
         <size>0x2d</size>
         <input_file_ref idref="fl-2"/>
      </object_component>
      <object_component id="oc-1f5">
         <name>.debug_line</name>
         <load_address>0x271</load_address>
         <run_address>0x271</run_address>
         <size>0x2d</size>
         <input_file_ref idref="fl-2"/>
      </object_component>
      <object_component id="oc-99">
         <name>.debug_line</name>
         <load_address>0x29e</load_address>
         <run_address>0x29e</run_address>
         <size>0x167</size>
         <input_file_ref idref="fl-2"/>
      </object_component>
      <object_component id="oc-1f9">
         <name>.debug_line</name>
         <load_address>0x405</load_address>
         <run_address>0x405</run_address>
         <size>0x2d</size>
         <input_file_ref idref="fl-2"/>
      </object_component>
      <object_component id="oc-14b">
         <name>.debug_line</name>
         <load_address>0x432</load_address>
         <run_address>0x432</run_address>
         <size>0x79</size>
         <input_file_ref idref="fl-2"/>
      </object_component>
      <object_component id="oc-150">
         <name>.debug_line</name>
         <load_address>0x4ab</load_address>
         <run_address>0x4ab</run_address>
         <size>0x77</size>
         <input_file_ref idref="fl-2"/>
      </object_component>
      <object_component id="oc-155">
         <name>.debug_line</name>
         <load_address>0x522</load_address>
         <run_address>0x522</run_address>
         <size>0x76</size>
         <input_file_ref idref="fl-2"/>
      </object_component>
      <object_component id="oc-15a">
         <name>.debug_line</name>
         <load_address>0x598</load_address>
         <run_address>0x598</run_address>
         <size>0x7a</size>
         <input_file_ref idref="fl-2"/>
      </object_component>
      <object_component id="oc-fc">
         <name>.debug_line</name>
         <load_address>0x612</load_address>
         <run_address>0x612</run_address>
         <size>0x80</size>
         <input_file_ref idref="fl-2"/>
      </object_component>
      <object_component id="oc-106">
         <name>.debug_line</name>
         <load_address>0x692</load_address>
         <run_address>0x692</run_address>
         <size>0x7d</size>
         <input_file_ref idref="fl-2"/>
      </object_component>
      <object_component id="oc-70">
         <name>.debug_line</name>
         <load_address>0x70f</load_address>
         <run_address>0x70f</run_address>
         <size>0x6f</size>
         <input_file_ref idref="fl-2"/>
      </object_component>
      <object_component id="oc-b2">
         <name>.debug_line</name>
         <load_address>0x77e</load_address>
         <run_address>0x77e</run_address>
         <size>0x20</size>
         <input_file_ref idref="fl-2"/>
      </object_component>
      <object_component id="oc-ad">
         <name>.debug_line</name>
         <load_address>0x79e</load_address>
         <run_address>0x79e</run_address>
         <size>0x73</size>
         <input_file_ref idref="fl-2"/>
      </object_component>
      <object_component id="oc-1f1">
         <name>.debug_line</name>
         <load_address>0x811</load_address>
         <run_address>0x811</run_address>
         <size>0x6f</size>
         <input_file_ref idref="fl-2"/>
      </object_component>
      <object_component id="oc-75">
         <name>.debug_line</name>
         <load_address>0x880</load_address>
         <run_address>0x880</run_address>
         <size>0x70</size>
         <input_file_ref idref="fl-2"/>
      </object_component>
      <object_component id="oc-101">
         <name>.debug_line</name>
         <load_address>0x8f0</load_address>
         <run_address>0x8f0</run_address>
         <size>0x85</size>
         <input_file_ref idref="fl-2"/>
      </object_component>
      <object_component id="oc-15f">
         <name>.debug_line</name>
         <load_address>0x975</load_address>
         <run_address>0x975</run_address>
         <size>0x83</size>
         <input_file_ref idref="fl-2"/>
      </object_component>
      <object_component id="oc-6c">
         <name>.debug_line</name>
         <load_address>0x9f8</load_address>
         <run_address>0x9f8</run_address>
         <size>0x41</size>
         <input_file_ref idref="fl-3"/>
      </object_component>
      <object_component id="oc-2b">
         <name>.debug_line</name>
         <load_address>0xa39</load_address>
         <run_address>0xa39</run_address>
         <size>0x41</size>
         <input_file_ref idref="fl-3"/>
      </object_component>
      <object_component id="oc-28">
         <name>.debug_line</name>
         <load_address>0xa7a</load_address>
         <run_address>0xa7a</run_address>
         <size>0xa1</size>
         <input_file_ref idref="fl-3"/>
      </object_component>
      <object_component id="oc-36">
         <name>.debug_line</name>
         <load_address>0xb1b</load_address>
         <run_address>0xb1b</run_address>
         <size>0x20</size>
         <input_file_ref idref="fl-3"/>
      </object_component>
      <object_component id="oc-2d6">
         <name>.debug_line</name>
         <load_address>0xb3b</load_address>
         <run_address>0xb3b</run_address>
         <size>0x6a</size>
         <input_file_ref idref="fl-4"/>
      </object_component>
      <object_component id="oc-203">
         <name>.debug_line</name>
         <load_address>0xba5</load_address>
         <run_address>0xba5</run_address>
         <size>0x6a</size>
         <input_file_ref idref="fl-4"/>
      </object_component>
      <object_component id="oc-1fe">
         <name>.debug_line</name>
         <load_address>0xc0f</load_address>
         <run_address>0xc0f</run_address>
         <size>0x6a</size>
         <input_file_ref idref="fl-5"/>
      </object_component>
      <object_component id="oc-312">
         <name>.debug_line</name>
         <load_address>0xc79</load_address>
         <run_address>0xc79</run_address>
         <size>0xb1</size>
         <input_file_ref idref="fl-6"/>
      </object_component>
      <object_component id="oc-286">
         <name>.debug_line</name>
         <load_address>0xd2a</load_address>
         <run_address>0xd2a</run_address>
         <size>0x69</size>
         <input_file_ref idref="fl-6"/>
      </object_component>
      <object_component id="oc-1e0">
         <name>.debug_line</name>
         <load_address>0xd93</load_address>
         <run_address>0xd93</run_address>
         <size>0x126</size>
         <input_file_ref idref="fl-7"/>
      </object_component>
      <object_component id="oc-32e">
         <name>.debug_line</name>
         <load_address>0xeb9</load_address>
         <run_address>0xeb9</run_address>
         <size>0x83</size>
         <input_file_ref idref="fl-8"/>
      </object_component>
      <object_component id="oc-322">
         <name>.debug_line</name>
         <load_address>0xf3c</load_address>
         <run_address>0xf3c</run_address>
         <size>0x89</size>
         <input_file_ref idref="fl-8"/>
      </object_component>
      <object_component id="oc-324">
         <name>.debug_line</name>
         <load_address>0xfc5</load_address>
         <run_address>0xfc5</run_address>
         <size>0x89</size>
         <input_file_ref idref="fl-8"/>
      </object_component>
      <object_component id="oc-326">
         <name>.debug_line</name>
         <load_address>0x104e</load_address>
         <run_address>0x104e</run_address>
         <size>0x89</size>
         <input_file_ref idref="fl-8"/>
      </object_component>
      <object_component id="oc-328">
         <name>.debug_line</name>
         <load_address>0x10d7</load_address>
         <run_address>0x10d7</run_address>
         <size>0x89</size>
         <input_file_ref idref="fl-8"/>
      </object_component>
      <object_component id="oc-32a">
         <name>.debug_line</name>
         <load_address>0x1160</load_address>
         <run_address>0x1160</run_address>
         <size>0x89</size>
         <input_file_ref idref="fl-8"/>
      </object_component>
      <object_component id="oc-32c">
         <name>.debug_line</name>
         <load_address>0x11e9</load_address>
         <run_address>0x11e9</run_address>
         <size>0x89</size>
         <input_file_ref idref="fl-8"/>
      </object_component>
      <object_component id="oc-320">
         <name>.debug_line</name>
         <load_address>0x1272</load_address>
         <run_address>0x1272</run_address>
         <size>0x89</size>
         <input_file_ref idref="fl-8"/>
      </object_component>
      <object_component id="oc-1dd">
         <name>.debug_line</name>
         <load_address>0x12fb</load_address>
         <run_address>0x12fb</run_address>
         <size>0x33a</size>
         <input_file_ref idref="fl-8"/>
      </object_component>
      <object_component id="oc-2d0">
         <name>.debug_line</name>
         <load_address>0x1635</load_address>
         <run_address>0x1635</run_address>
         <size>0x152</size>
         <input_file_ref idref="fl-9"/>
      </object_component>
      <object_component id="oc-2ca">
         <name>.debug_line</name>
         <load_address>0x1787</load_address>
         <run_address>0x1787</run_address>
         <size>0x86</size>
         <input_file_ref idref="fl-9"/>
      </object_component>
      <object_component id="oc-2ce">
         <name>.debug_line</name>
         <load_address>0x180d</load_address>
         <run_address>0x180d</run_address>
         <size>0x86</size>
         <input_file_ref idref="fl-9"/>
      </object_component>
      <object_component id="oc-2b0">
         <name>.debug_line</name>
         <load_address>0x1893</load_address>
         <run_address>0x1893</run_address>
         <size>0x86</size>
         <input_file_ref idref="fl-9"/>
      </object_component>
      <object_component id="oc-2cc">
         <name>.debug_line</name>
         <load_address>0x1919</load_address>
         <run_address>0x1919</run_address>
         <size>0x86</size>
         <input_file_ref idref="fl-9"/>
      </object_component>
      <object_component id="oc-e5">
         <name>.debug_line</name>
         <load_address>0x199f</load_address>
         <run_address>0x199f</run_address>
         <size>0x9fd</size>
         <input_file_ref idref="fl-9"/>
      </object_component>
      <object_component id="oc-2d3">
         <name>.debug_line</name>
         <load_address>0x239c</load_address>
         <run_address>0x239c</run_address>
         <size>0x86</size>
         <input_file_ref idref="fl-9"/>
      </object_component>
      <object_component id="oc-245">
         <name>.debug_line</name>
         <load_address>0x2422</load_address>
         <run_address>0x2422</run_address>
         <size>0x16b</size>
         <input_file_ref idref="fl-a"/>
      </object_component>
      <object_component id="oc-23a">
         <name>.debug_line</name>
         <load_address>0x258d</load_address>
         <run_address>0x258d</run_address>
         <size>0x77</size>
         <input_file_ref idref="fl-a"/>
      </object_component>
      <object_component id="oc-23c">
         <name>.debug_line</name>
         <load_address>0x2604</load_address>
         <run_address>0x2604</run_address>
         <size>0x77</size>
         <input_file_ref idref="fl-a"/>
      </object_component>
      <object_component id="oc-243">
         <name>.debug_line</name>
         <load_address>0x267b</load_address>
         <run_address>0x267b</run_address>
         <size>0x77</size>
         <input_file_ref idref="fl-a"/>
      </object_component>
      <object_component id="oc-d5">
         <name>.debug_line</name>
         <load_address>0x26f2</load_address>
         <run_address>0x26f2</run_address>
         <size>0x539</size>
         <input_file_ref idref="fl-a"/>
      </object_component>
      <object_component id="oc-240">
         <name>.debug_line</name>
         <load_address>0x2c2b</load_address>
         <run_address>0x2c2b</run_address>
         <size>0x77</size>
         <input_file_ref idref="fl-a"/>
      </object_component>
      <object_component id="oc-249">
         <name>.debug_line</name>
         <load_address>0x2ca2</load_address>
         <run_address>0x2ca2</run_address>
         <size>0x84</size>
         <input_file_ref idref="fl-a"/>
      </object_component>
      <object_component id="oc-2f9">
         <name>.debug_line</name>
         <load_address>0x2d26</load_address>
         <run_address>0x2d26</run_address>
         <size>0x20</size>
         <input_file_ref idref="fl-b"/>
      </object_component>
      <object_component id="oc-237">
         <name>.debug_line</name>
         <load_address>0x2d46</load_address>
         <run_address>0x2d46</run_address>
         <size>0x82</size>
         <input_file_ref idref="fl-b"/>
      </object_component>
      <object_component id="oc-256">
         <name>.debug_line</name>
         <load_address>0x2dc8</load_address>
         <run_address>0x2dc8</run_address>
         <size>0x1cf</size>
         <input_file_ref idref="fl-c"/>
      </object_component>
      <object_component id="oc-262">
         <name>.debug_line</name>
         <load_address>0x2f97</load_address>
         <run_address>0x2f97</run_address>
         <size>0x79</size>
         <input_file_ref idref="fl-c"/>
      </object_component>
      <object_component id="oc-264">
         <name>.debug_line</name>
         <load_address>0x3010</load_address>
         <run_address>0x3010</run_address>
         <size>0x79</size>
         <input_file_ref idref="fl-c"/>
      </object_component>
      <object_component id="oc-266">
         <name>.debug_line</name>
         <load_address>0x3089</load_address>
         <run_address>0x3089</run_address>
         <size>0x79</size>
         <input_file_ref idref="fl-c"/>
      </object_component>
      <object_component id="oc-dc">
         <name>.debug_line</name>
         <load_address>0x3102</load_address>
         <run_address>0x3102</run_address>
         <size>0x987</size>
         <input_file_ref idref="fl-c"/>
      </object_component>
      <object_component id="oc-253">
         <name>.debug_line</name>
         <load_address>0x3a89</load_address>
         <run_address>0x3a89</run_address>
         <size>0x80</size>
         <input_file_ref idref="fl-c"/>
      </object_component>
      <object_component id="oc-25f">
         <name>.debug_line</name>
         <load_address>0x3b09</load_address>
         <run_address>0x3b09</run_address>
         <size>0x79</size>
         <input_file_ref idref="fl-c"/>
      </object_component>
[...]
      <symbol id="sm-3e2">
         <name>Ea_Init</name>
         <value>0x47e5</value>
         <object_component_ref idref="oc-d2"/>
      </symbol>
      <symbol id="sm-3e3">
         <name>Ea_JobEndNotification</name>
         <value>0x4a5f</value>
         <object_component_ref idref="oc-d2"/>
      </symbol>
      <symbol id="sm-3ee">
         <name>Ea_BlockSConfig</name>
         <value>0x200017dc</value>
         <object_component_ref idref="oc-177"/>
      </symbol>
      <symbol id="sm-550">
         <name>ActiveSectorInfo</name>
         <value>0x20001008</value>
      </symbol>
      <symbol id="sm-551">
         <name>JobParametersCopy</name>
         <value>0x200010c8</value>
      </symbol>
      <symbol id="sm-552">
         <name>ModuleInternalManagement</name>
         <value>0x200010db</value>
      </symbol>
      <symbol id="sm-553">
         <name>BlockData</name>
         <value>0x20000f98</value>
      </symbol>
      <symbol id="sm-554">
         <name>Fee_MainFunction</name>
         <value>0x2331</value>
         <object_component_ref idref="oc-d8"/>
      </symbol>
      <symbol id="sm-555">
         <name>Fee_GetVersionInfo</name>
         <value>0x22ff</value>
         <object_component_ref idref="oc-d8"/>
      </symbol>
      <symbol id="sm-556">
         <name>Fee_Init</name>
         <value>0x1e89</value>
         <object_component_ref idref="oc-d8"/>
      </symbol>
      <symbol id="sm-557">
         <name>Fee_GetStatus</name>
         <value>0x2209</value>
         <object_component_ref idref="oc-d8"/>
      </symbol>
      <symbol id="sm-558">
         <name>JobError</name>
         <value>0x20001799</value>
         <object_component_ref idref="oc-195"/>
      </symbol>
      <symbol id="sm-559">
         <name>Fee_Cancel</name>
         <value>0x2155</value>
         <object_component_ref idref="oc-d8"/>
      </symbol>
      <symbol id="sm-55a">
         <name>JobDone</name>
         <value>0x20001798</value>
         <object_component_ref idref="oc-195"/>
      </symbol>
      <symbol id="sm-55b">
         <name>Fee_JobErrorNotification</name>
         <value>0x2329</value>
         <object_component_ref idref="oc-d8"/>
      </symbol>
      <symbol id="sm-55c">
         <name>Fee_JobEndNotification</name>
         <value>0x2321</value>
         <object_component_ref idref="oc-d8"/>
      </symbol>
      <symbol id="sm-55d">
         <name>Fee_Read</name>
         <value>0x1efd</value>
         <object_component_ref idref="oc-d8"/>
      </symbol>
      <symbol id="sm-55e">
         <name>Fee_Write</name>
         <value>0x2049</value>
         <object_component_ref idref="oc-d8"/>
      </symbol>
      <symbol id="sm-55f">
         <name>ValidBlocksInfo</name>
         <value>0x20001620</value>
         <object_component_ref idref="oc-18e"/>
      </symbol>
      <symbol id="sm-560">
         <name>Fee_GetJobResult</name>
         <value>0x220f</value>
         <object_component_ref idref="oc-d8"/>
      </symbol>
      <symbol id="sm-561">
         <name>Fee_InvalidateBlock</name>
         <value>0x223d</value>
         <object_component_ref idref="oc-d8"/>
      </symbol>
      <symbol id="sm-56c">
         <name>Fee_BlockConfig</name>
         <value>0x200016c0</value>
         <object_component_ref idref="oc-199"/>
      </symbol>
      <symbol id="sm-60e">
         <name>Erase_Virtualsector</name>
         <value>0x43ad</value>
         <object_component_ref idref="oc-185"/>
      </symbol>
      <symbol id="sm-60f">
         <name>WriteBlock</name>
         <value>0x448d</value>
         <object_component_ref idref="oc-185"/>
      </symbol>
      <symbol id="sm-610">
         <name>FindValidBlocks</name>
         <value>0x3ee1</value>
         <object_component_ref idref="oc-185"/>
      </symbol>
      <symbol id="sm-611">
         <name>TransferSector</name>
         <value>0x44c5</value>
         <object_component_ref idref="oc-185"/>
      </symbol>
      <symbol id="sm-612">
         <name>ReadVariable</name>
         <value>0x42a1</value>
         <object_component_ref idref="oc-185"/>
      </symbol>
      <symbol id="sm-613">
         <name>GetIndexFromBlockNum</name>
         <value>0x46e1</value>
         <object_component_ref idref="oc-185"/>
      </symbol>
      <symbol id="sm-614">
         <name>SetSectorStatus</name>
         <value>0x4445</value>
         <object_component_ref idref="oc-185"/>
      </symbol>
      <symbol id="sm-615">
         <name>GetSectorStatus</name>
         <value>0x441d</value>
         <object_component_ref idref="oc-185"/>
      </symbol>
      <symbol id="sm-616">
         <name>WriteVariable</name>
         <value>0x4321</value>
         <object_component_ref idref="oc-185"/>
      </symbol>
      <symbol id="sm-617">
         <name>SearchSectorValidBlocks</name>
         <value>0x4063</value>
         <object_component_ref idref="oc-185"/>
      </symbol>
      <symbol id="sm-618">
         <name>FindActiveSector</name>
         <value>0x4219</value>
         <object_component_ref idref="oc-185"/>
      </symbol>
      <symbol id="sm-64d">
         <name>MemIf_WriteFctPtr</name>
         <value>0x20001818</value>
         <object_component_ref idref="oc-297"/>
      </symbol>
      <symbol id="sm-64e">
         <name>MemIf_InvalidateFctPtr</name>
         <value>0x20001808</value>
         <object_component_ref idref="oc-2a0"/>
      </symbol>
      <symbol id="sm-64f">
         <name>MemIf_GetStatusFctPtr</name>
         <value>0x20001800</value>
         <object_component_ref idref="oc-29a"/>
      </symbol>
      <symbol id="sm-650">
         <name>MemIf_Write</name>
         <value>0x6c85</value>
         <object_component_ref idref="oc-1bc"/>
      </symbol>
      <symbol id="sm-651">
         <name>MemIf_Read</name>
         <value>0x6c59</value>
         <object_component_ref idref="oc-1bc"/>
      </symbol>
      <symbol id="sm-652">
         <name>MemIf_GetResultFctPtr</name>
         <value>0x200017f8</value>
         <object_component_ref idref="oc-29d"/>
      </symbol>
      <symbol id="sm-653">
         <name>MemIf_ReadFctPtr</name>
         <value>0x20001810</value>
         <object_component_ref idref="oc-294"/>
      </symbol>
      <symbol id="sm-654">
         <name>MemIf_InvalidateBlock</name>
         <value>0x6ccd</value>
         <object_component_ref idref="oc-1bc"/>
      </symbol>
      <symbol id="sm-655">
         <name>MemIf_GetStatus</name>
         <value>0x6ca5</value>
         <object_component_ref idref="oc-1bc"/>
      </symbol>
      <symbol id="sm-656">
         <name>MemIf_GetJobResult</name>
         <value>0x6cb9</value>
         <object_component_ref idref="oc-1bc"/>
      </symbol>
      <symbol id="sm-701">
         <name>Eep_Write</name>
         <value>0x523b</value>
         <object_component_ref idref="oc-cc"/>
      </symbol>
      <symbol id="sm-702">
         <name>Eep_GetStatus</name>
         <value>0x54bd</value>
         <object_component_ref idref="oc-cc"/>
      </symbol>
      <symbol id="sm-703">
         <name>Eep_MainFunction</name>
         <value>0x54c9</value>
         <object_component_ref idref="oc-cc"/>
      </symbol>
      <symbol id="sm-704">
         <name>Eep_Erase</name>
         <value>0x5307</value>
         <object_component_ref idref="oc-cc"/>
      </symbol>
      <symbol id="sm-705">
         <name>Eep_Cancel</name>
         <value>0x5495</value>
         <object_component_ref idref="oc-cc"/>
      </symbol>
      <symbol id="sm-706">
         <name>Eep_GetJobResult</name>
         <value>0x54c3</value>
         <object_component_ref idref="oc-cc"/>
      </symbol>
      <symbol id="sm-707">
         <name>Eep_Compare</name>
         <value>0x53c5</value>
         <object_component_ref idref="oc-cc"/>
      </symbol>
      <symbol id="sm-708">
         <name>Eep_Init</name>
         <value>0x50fb</value>
         <object_component_ref idref="oc-cc"/>
      </symbol>
      <symbol id="sm-709">
         <name>Eep_Read</name>
         <value>0x5179</value>
         <object_component_ref idref="oc-cc"/>
      </symbol>
      <symbol id="sm-7ba">
         <name>Fls_SetMode</name>
         <value>0x5ef5</value>
         <object_component_ref idref="oc-c6"/>
      </symbol>
      <symbol id="sm-7bb">
         <name>Fls_Cancel</name>
         <value>0x5d0d</value>
         <object_component_ref idref="oc-c6"/>
      </symbol>
      <symbol id="sm-7bc">
         <name>Fls_BlankCheck</name>
         <value>0x5f3d</value>
         <object_component_ref idref="oc-c6"/>
      </symbol>
      <symbol id="sm-7bd">
         <name>Fls_GetStatus</name>
         <value>0x5d59</value>
         <object_component_ref idref="oc-c6"/>
      </symbol>
      <symbol id="sm-7be">
         <name>Fls_GetJobResult</name>
         <value>0x5d5f</value>
         <object_component_ref idref="oc-c6"/>
      </symbol>
      <symbol id="sm-7bf">
         <name>Fls_Read</name>
         <value>0x5d7d</value>
         <object_component_ref idref="oc-c6"/>
      </symbol>
      <symbol id="sm-7c0">
         <name>Fls_Init</name>
         <value>0x5b31</value>
         <object_component_ref idref="oc-c6"/>
      </symbol>
      <symbol id="sm-7c1">
         <name>Fls_Erase</name>
         <value>0x5b8d</value>
         <object_component_ref idref="oc-c6"/>
      </symbol>
      <symbol id="sm-7c2">
         <name>Fls_GetVersionInfo</name>
         <value>0x5f13</value>
         <object_component_ref idref="oc-c6"/>
      </symbol>
      <symbol id="sm-7c3">
         <name>Fls_MainFunction</name>
         <value>0x5fd1</value>
         <object_component_ref idref="oc-c6"/>
      </symbol>
      <symbol id="sm-7c4">
         <name>Fls_Compare</name>
         <value>0x5e2d</value>
         <object_component_ref idref="oc-c6"/>
      </symbol>
      <symbol id="sm-7c5">
         <name>Fls_Write</name>
         <value>0x5c49</value>
         <object_component_ref idref="oc-c6"/>
      </symbol>
      <symbol id="sm-9ef">
         <name>NvM_WriteBlock</name>
         <value>0x861</value>
         <object_component_ref idref="oc-de"/>
      </symbol>
      <symbol id="sm-9f0">
         <name>NvM_JobEndNotification</name>
         <value>0xab5</value>
         <object_component_ref idref="oc-de"/>
      </symbol>
      <symbol id="sm-9f1">
         <name>FillTempBuffer</name>
         <value>0x1cf5</value>
         <object_component_ref idref="oc-de"/>
      </symbol>
      <symbol id="sm-9f2">
         <name>NvM_SetRamBlockResultStatus</name>
         <value>0x5db</value>
         <object_component_ref idref="oc-de"/>
      </symbol>
      <symbol id="sm-9f3">
         <name>NvM_SetDataIndex</name>
         <value>0x2d3</value>
         <object_component_ref idref="oc-de"/>
      </symbol>
      <symbol id="sm-9f4">
         <name>NvM_InvalidateNvBlock</name>
         <value>0x979</value>
         <object_component_ref idref="oc-de"/>
      </symbol>
      <symbol id="sm-9f5">
         <name>NvM_ReadAll</name>
         <value>0xa51</value>
         <object_component_ref idref="oc-de"/>
      </symbol>
      <symbol id="sm-9f6">
         <name>NvM_MainFunction</name>
         <value>0xad9</value>
         <object_component_ref idref="oc-de"/>
      </symbol>
      <symbol id="sm-9f7">
         <name>NvM_RestoreBlockDefaults</name>
         <value>0x46d</value>
         <object_component_ref idref="oc-de"/>
      </symbol>
      <symbol id="sm-9f8">
         <name>NvM_GetDataIndex</name>
         <value>0x385</value>
         <object_component_ref idref="oc-de"/>
      </symbol>
      <symbol id="sm-9f9">
         <name>NvM_JobErrorNotification</name>
         <value>0xac5</value>
         <object_component_ref idref="oc-de"/>
      </symbol>
      <symbol id="sm-9fa">
         <name>NvM_GetErrorStatus</name>
         <value>0x413</value>
         <object_component_ref idref="oc-de"/>
      </symbol>
      <symbol id="sm-9fb">
         <name>NvM_ReadBlock</name>
         <value>0x6a5</value>
         <object_component_ref idref="oc-de"/>
      </symbol>
      <symbol id="sm-9fc">
         <name>NvM_Init</name>
         <value>0x26d</value>
         <object_component_ref idref="oc-de"/>
      </symbol>
      <symbol id="sm-9fd">
         <name>NvM_WriteAll</name>
         <value>0xa83</value>
         <object_component_ref idref="oc-de"/>
      </symbol>
      <symbol id="sm-a99">
         <name>Standard_Job_Queue</name>
         <value>0x20000f20</value>
      </symbol>
      <symbol id="sm-a9a">
         <name>CRC_Job_Queue</name>
         <value>0x20001060</value>
      </symbol>
      <symbol id="sm-a9b">
         <name>Immediate_Queue_FULL</name>
         <value>0x20001823</value>
         <object_component_ref idref="oc-1b0"/>
      </symbol>
      <symbol id="sm-a9c">
         <name>CRC_Queue_Empty</name>
         <value>0x20001824</value>
         <object_component_ref idref="oc-1b0"/>
      </symbol>
      <symbol id="sm-a9d">
         <name>Immediate_Queue_Empty</name>
         <value>0x20001822</value>
         <object_component_ref idref="oc-1b0"/>
      </symbol>
      <symbol id="sm-a9e">
         <name>CRCJob_Enqueue</name>
         <value>0x6525</value>
         <object_component_ref idref="oc-19e"/>
      </symbol>
      <symbol id="sm-a9f">
         <name>CRC_Queue_Full</name>
         <value>0x20001825</value>
         <object_component_ref idref="oc-1b0"/>
      </symbol>
      <symbol id="sm-aa0">
         <name>Stand_Queue_Indeces</name>
         <value>0x2000183c</value>
         <object_component_ref idref="oc-26d"/>
      </symbol>
      <symbol id="sm-aa1">
         <name>Standard_Queue_FULL</name>
         <value>0x20001821</value>
         <object_component_ref idref="oc-1b0"/>
      </symbol>
      <symbol id="sm-aa2">
         <name>CRCJob_Dequeue</name>
         <value>0x6599</value>
         <object_component_ref idref="oc-19e"/>
      </symbol>
      <symbol id="sm-aa3">
         <name>Standard_Queue_Empty</name>
         <value>0x20001820</value>
         <object_component_ref idref="oc-1b0"/>
      </symbol>
      <symbol id="sm-aa4">
         <name>Job_Enqueue</name>
         <value>0x61f9</value>
         <object_component_ref idref="oc-19e"/>
      </symbol>
      <symbol id="sm-aa5">
         <name>Init_Queues</name>
         <value>0x6039</value>
         <object_component_ref idref="oc-19e"/>
      </symbol>
      <symbol id="sm-aa6">
         <name>Get_SingleJob</name>
         <value>0x64cd</value>
         <object_component_ref idref="oc-19e"/>
      </symbol>
      <symbol id="sm-aa7">
         <name>Job_Dequeue</name>
         <value>0x63e1</value>
         <object_component_ref idref="oc-19e"/>
      </symbol>
      <symbol id="sm-aa8">
         <name>Search_Queue</name>
         <value>0x6155</value>
         <object_component_ref idref="oc-19e"/>
      </symbol>
      <symbol id="sm-aa9">
         <name>CRC_Queue_Indeces</name>
         <value>0x20001830</value>
         <object_component_ref idref="oc-1cb"/>
      </symbol>
      <symbol id="sm-ac6">
         <name>Block2_PRAMBLOCK</name>
         <value>0x200010d7</value>
      </symbol>
      <symbol id="sm-ac7">
         <name>Block3_RAMBLOCK</name>
         <value>0x20001074</value>
      </symbol>
      <symbol id="sm-ac8">
         <name>Block4_PRAMBLOCK</name>
         <value>0x20001020</value>
      </symbol>
      <symbol id="sm-ac9">
         <name>Block3_ROMBLOCK</name>
         <value>0x200017ac</value>
         <object_component_ref idref="oc-27e"/>
      </symbol>
      <symbol id="sm-aca">
         <name>Block4_ROMBLOCK</name>
         <value>0x20001780</value>
         <object_component_ref idref="oc-282"/>
      </symbol>
      <symbol id="sm-acb">
         <name>Block2_ROMBLOCK</name>
         <value>0x2000182b</value>
         <object_component_ref idref="oc-27a"/>
      </symbol>
      <symbol id="sm-ad7">
         <name>Det_ReportRuntimeError</name>
         <value>0x6eaf</value>
         <object_component_ref idref="oc-161"/>
      </symbol>
      <symbol id="sm-ad8">
         <name>Det_ReportTransientFault</name>
         <value>0x6e95</value>
         <object_component_ref idref="oc-161"/>
      </symbol>
      <symbol id="sm-ad9">
         <name>Det_ReportError</name>
         <value>0x6e7b</value>
         <object_component_ref idref="oc-161"/>
      </symbol>
      <symbol id="sm-af0">
         <name>__TI_zero_init</name>
         <value>0x6f8f</value>
         <object_component_ref idref="oc-4a"/>
      </symbol>
      <symbol id="sm-b07">
         <name>__TI_decompress_none</name>
         <value>0x6f81</value>
         <object_component_ref idref="oc-18"/>
      </symbol>
      <symbol id="sm-b2a">
         <name>__TI_decompress_lzss</name>
         <value>0x6e13</value>
         <object_component_ref idref="oc-12"/>
      </symbol>
      <symbol id="sm-b3d">
         <name>__stack</name>
         <value>0x20001840</value>
         <object_component_ref idref="oc-21"/>
      </symbol>
      <symbol id="sm-b3e">
         <name>_c_int00_noargs</name>
         <value>0x6f4d</value>
         <object_component_ref idref="oc-56"/>
      </symbol>
      <symbol id="sm-b4d">
         <name>__aeabi_memset</name>
         <value>0x6d9b</value>
         <object_component_ref idref="oc-8c"/>
      </symbol>
      <symbol id="sm-b4e">
         <name>memset</name>
         <value>0x6da1</value>
         <object_component_ref idref="oc-8c"/>
      </symbol>
      <symbol id="sm-b4f">
         <name>__aeabi_memset8</name>
         <value>0x6d9b</value>
         <object_component_ref idref="oc-8c"/>
      </symbol>
      <symbol id="sm-b50">
         <name>__aeabi_memset4</name>
         <value>0x6d9b</value>
         <object_component_ref idref="oc-8c"/>
      </symbol>
      <symbol id="sm-b51">
         <name>__aeabi_memclr8</name>
         <value>0x6d99</value>
         <object_component_ref idref="oc-8c"/>
      </symbol>
      <symbol id="sm-b52">
         <name>__aeabi_memclr4</name>
         <value>0x6d99</value>
         <object_component_ref idref="oc-8c"/>
      </symbol>
      <symbol id="sm-b53">
         <name>__aeabi_memclr</name>
         <value>0x6d99</value>
         <object_component_ref idref="oc-8c"/>
      </symbol>
      <symbol id="sm-b6e">
         <name>memcpy</name>
         <value>0x6cfd</value>
         <object_component_ref idref="oc-38"/>
      </symbol>
      <symbol id="sm-b6f">
         <name>__aeabi_memcpy</name>
         <value>0x6cfd</value>
         <object_component_ref idref="oc-38"/>
      </symbol>
      <symbol id="sm-b70">
         <name>__aeabi_memcpy8</name>
         <value>0x6cfd</value>
         <object_component_ref idref="oc-38"/>
      </symbol>
      <symbol id="sm-b71">
         <name>__aeabi_memcpy4</name>
         <value>0x6cfd</value>
         <object_component_ref idref="oc-38"/>
      </symbol>
      <symbol id="sm-b99">
         <name>__TI_auto_init_nobinit_nopinit</name>
         <value>0x6ec9</value>
         <object_component_ref idref="oc-114"/>
      </symbol>
      <symbol id="sm-ba3">
         <name>_system_pre_init</name>
         <value>0x6fad</value>
         <object_component_ref idref="oc-92"/>
      </symbol>
      <symbol id="sm-baf">
         <name>C$$EXIT</name>
         <value>0x6fb1</value>
         <object_component_ref idref="oc-108"/>
      </symbol>
      <symbol id="sm-bb0">
         <name>abort</name>
         <value>0x6fb1</value>
         <object_component_ref idref="oc-108"/>
      </symbol>
      <symbol id="sm-bb3">
         <name>__TI_static_base__</name>
         <value>0x0</value>
      </symbol>
      <symbol id="sm-bb6">
         <name>__mpu_init</name>
         <value>0x0</value>
      </symbol>
      <symbol id="sm-bb7">
         <name>_system_post_cinit</name>
         <value>0x0</value>
      </symbol>
   </symbol_table>
   <title>Link successful</title>
</link_info>
